Archive member included to satisfy reference by file (symbol)

/usr/lib/gcc/arm-none-eabi/13.2.1/thumb/v6-m/nofp/libgcc.a(_dvmd_tls.o)
                              CMakeFiles/tcpServer.dir/home/embedded/pico/pico-sdk/src/rp2_common/pico_divider/divider_hardware.S.o (__aeabi_idiv0)
/usr/lib/gcc/arm-none-eabi/13.2.1/../../../arm-none-eabi/lib/thumb/v6-m/nofp/libg.a(libc_a-strncmp.o)
                              CMakeFiles/tcpServer.dir/home/embedded/pico/pico-sdk/lib/lwip/src/core/def.c.o (strncmp)
/usr/lib/gcc/arm-none-eabi/13.2.1/../../../arm-none-eabi/lib/thumb/v6-m/nofp/libg.a(libc_a-memmove.o)
                              CMakeFiles/tcpServer.dir/home/embedded/pico/pico-sdk/lib/lwip/src/core/def.c.o (memmove)
/usr/lib/gcc/arm-none-eabi/13.2.1/../../../arm-none-eabi/lib/thumb/v6-m/nofp/libg.a(libc_a-calloc.o)
                              CMakeFiles/tcpServer.dir/home/embedded/pico/pico-sdk/src/rp2_common/pico_malloc/malloc.c.o (calloc)
/usr/lib/gcc/arm-none-eabi/13.2.1/../../../arm-none-eabi/lib/thumb/v6-m/nofp/libg.a(libc_a-impure.o)
                              /usr/lib/gcc/arm-none-eabi/13.2.1/../../../arm-none-eabi/lib/thumb/v6-m/nofp/libg.a(libc_a-calloc.o) (_impure_ptr)
/usr/lib/gcc/arm-none-eabi/13.2.1/../../../arm-none-eabi/lib/thumb/v6-m/nofp/libg.a(libc_a-callocr.o)
                              /usr/lib/gcc/arm-none-eabi/13.2.1/../../../arm-none-eabi/lib/thumb/v6-m/nofp/libg.a(libc_a-calloc.o) (_calloc_r)
/usr/lib/gcc/arm-none-eabi/13.2.1/../../../arm-none-eabi/lib/thumb/v6-m/nofp/libg.a(libc_a-realloc.o)
                              CMakeFiles/tcpServer.dir/home/embedded/pico/pico-sdk/src/rp2_common/pico_malloc/malloc.c.o (realloc)
/usr/lib/gcc/arm-none-eabi/13.2.1/../../../arm-none-eabi/lib/thumb/v6-m/nofp/libg.a(libc_a-mallocr.o)
                              /usr/lib/gcc/arm-none-eabi/13.2.1/../../../arm-none-eabi/lib/thumb/v6-m/nofp/libg.a(libc_a-callocr.o) (_malloc_r)
/usr/lib/gcc/arm-none-eabi/13.2.1/../../../arm-none-eabi/lib/thumb/v6-m/nofp/libg.a(libc_a-freer.o)
                              /usr/lib/gcc/arm-none-eabi/13.2.1/../../../arm-none-eabi/lib/thumb/v6-m/nofp/libg.a(libc_a-mallocr.o) (_free_r)
/usr/lib/gcc/arm-none-eabi/13.2.1/../../../arm-none-eabi/lib/thumb/v6-m/nofp/libg.a(libc_a-memcmp.o)
                              CMakeFiles/tcpServer.dir/home/embedded/pico/pico-sdk/lib/lwip/src/netif/ethernet.c.o (memcmp)
/usr/lib/gcc/arm-none-eabi/13.2.1/../../../arm-none-eabi/lib/thumb/v6-m/nofp/libg.a(libc_a-atoi.o)
                              CMakeFiles/tcpServer.dir/home/embedded/pico/pico-sdk/lib/lwip/src/core/netif.c.o (atoi)
/usr/lib/gcc/arm-none-eabi/13.2.1/../../../arm-none-eabi/lib/thumb/v6-m/nofp/libg.a(libc_a-strtol.o)
                              /usr/lib/gcc/arm-none-eabi/13.2.1/../../../arm-none-eabi/lib/thumb/v6-m/nofp/libg.a(libc_a-atoi.o) (_strtol_r)
/usr/lib/gcc/arm-none-eabi/13.2.1/../../../arm-none-eabi/lib/thumb/v6-m/nofp/libg.a(libc_a-malloc.o)
                              CMakeFiles/tcpServer.dir/home/embedded/pico/pico-sdk/src/rp2_common/pico_malloc/malloc.c.o (malloc)
/usr/lib/gcc/arm-none-eabi/13.2.1/../../../arm-none-eabi/lib/thumb/v6-m/nofp/libg.a(libc_a-sysconf.o)
                              /usr/lib/gcc/arm-none-eabi/13.2.1/../../../arm-none-eabi/lib/thumb/v6-m/nofp/libg.a(libc_a-mallocr.o) (sysconf)
/usr/lib/gcc/arm-none-eabi/13.2.1/../../../arm-none-eabi/lib/thumb/v6-m/nofp/libg.a(libc_a-init.o)
                              /usr/lib/gcc/arm-none-eabi/13.2.1/../../../arm-none-eabi/lib/thumb/v6-m/nofp/crt0.o (__libc_init_array)
/usr/lib/gcc/arm-none-eabi/13.2.1/../../../arm-none-eabi/lib/thumb/v6-m/nofp/libg.a(libc_a-reallocr.o)
                              /usr/lib/gcc/arm-none-eabi/13.2.1/../../../arm-none-eabi/lib/thumb/v6-m/nofp/libg.a(libc_a-realloc.o) (_realloc_r)
/usr/lib/gcc/arm-none-eabi/13.2.1/../../../arm-none-eabi/lib/thumb/v6-m/nofp/libg.a(libc_a-mktime.o)
                              CMakeFiles/tcpServer.dir/home/embedded/pico/pico-sdk/src/common/pico_util/datetime.c.o (mktime)
/usr/lib/gcc/arm-none-eabi/13.2.1/../../../arm-none-eabi/lib/thumb/v6-m/nofp/libg.a(libc_a-mlock.o)
                              /usr/lib/gcc/arm-none-eabi/13.2.1/../../../arm-none-eabi/lib/thumb/v6-m/nofp/libg.a(libc_a-mallocr.o) (__malloc_lock)
/usr/lib/gcc/arm-none-eabi/13.2.1/../../../arm-none-eabi/lib/thumb/v6-m/nofp/libg.a(libc_a-findfp.o)
                              /usr/lib/gcc/arm-none-eabi/13.2.1/../../../arm-none-eabi/lib/thumb/v6-m/nofp/libg.a(libc_a-impure.o) (__sf)
/usr/lib/gcc/arm-none-eabi/13.2.1/../../../arm-none-eabi/lib/thumb/v6-m/nofp/libg.a(libc_a-tzlock.o)
                              /usr/lib/gcc/arm-none-eabi/13.2.1/../../../arm-none-eabi/lib/thumb/v6-m/nofp/libg.a(libc_a-mktime.o) (__tz_lock)
/usr/lib/gcc/arm-none-eabi/13.2.1/../../../arm-none-eabi/lib/thumb/v6-m/nofp/libg.a(libc_a-ctype_.o)
                              CMakeFiles/tcpServer.dir/home/embedded/pico/pico-sdk/lib/lwip/src/core/dns.c.o (_ctype_)
[...]
Memory Configuration

Name             Origin             Length             Attributes
FLASH            0x10000000         0x00200000         xr
RAM              0x20000000         0x00040000         xrw
SCRATCH_X        0x20040000         0x00001000         xrw
SCRATCH_Y        0x20041000         0x00001000         xrw
*default*        0x00000000         0xffffffff

Linker script and memory map

LOAD /usr/lib/gcc/arm-none-eabi/13.2.1/thumb/v6-m/nofp/crti.o
LOAD /usr/lib/gcc/arm-none-eabi/13.2.1/thumb/v6-m/nofp/crtbegin.o
LOAD /usr/lib/gcc/arm-none-eabi/13.2.1/../../../arm-none-eabi/lib/thumb/v6-m/nofp/crt0.o

.flash_begin    0x10000000        0x0
                0x10000000                        __flash_binary_start = .

.boot2          0x10000000      0x100
                0x10000000                        __boot2_start__ = .
 *(.boot2)
 .boot2         0x10000000      0x100 pico-sdk/src/rp2040/boot_stage2/CMakeFiles/bs2_default_library.dir/bs2_default_padded_checksummed.S.o
                0x10000100                        __boot2_end__ = .
                0x00000001                        ASSERT (((__boot2_end__ - __boot2_start__) == 0x100), ERROR: Pico second stage bootloader must be 256 bytes in size)

.text           0x10000100    0x17100
                0x10000100                        __logical_binary_start = .
 *(.vectors)
 .vectors       0x10000100       0xd4 CMakeFiles/tcpServer.dir/home/embedded/pico/pico-sdk/src/rp2_common/pico_crt0/crt0.S.o
                0x10000100                __vectors
                0x10000100                __VECTOR_TABLE
                0x100001c0                isr_invalid
                0x100001c0                __default_isrs_start
                0x100001c2                isr_nmi
                0x100001c4                isr_hardfault
                0x100001c6                isr_svcall
                0x100001c8                isr_pendsv
                0x100001ca                isr_systick
                0x100001cc                isr_irq30
                0x100001cc                __unhandled_user_irq
                0x100001cc                isr_irq13
                0x100001cc                isr_irq27
                0x100001cc                isr_irq31
                0x100001cc                isr_irq5
                0x100001cc                isr_irq11
                0x100001cc                isr_irq23
                0x100001cc                isr_irq18
                0x100001cc                isr_irq28
                0x100001cc                isr_irq19
                0x100001cc                isr_irq0
                0x100001cc                isr_irq6
                0x100001cc                isr_irq22
                0x100001cc                isr_irq17
                0x100001cc                isr_irq14
                0x100001cc                isr_irq2
                0x100001cc                isr_irq10
                0x100001cc                isr_irq8
                0x100001cc                isr_irq24
                0x100001cc                isr_irq1
                0x100001cc                isr_irq7
                0x100001cc                isr_irq21
                0x100001cc                isr_irq20
                0x100001cc                isr_irq15
                0x100001cc                isr_irq25
                0x100001cc                isr_irq4
                0x100001cc                isr_irq16
                0x100001cc                isr_irq29
                0x100001cc                isr_irq26
                0x100001cc                __default_isrs_end
                0x100001cc                isr_irq3
                0x100001cc                isr_irq12
                0x100001cc                isr_irq9
                0x100001d2                unhandled_user_irq_num_in_r0
 *(.binary_info_header)
 .binary_info_header
                0x100001d4       0x14 CMakeFiles/tcpServer.dir/home/embedded/pico/pico-sdk/src/rp2_common/pico_crt0/crt0.S.o
                0x100001e8                        __binary_info_header_end = .
 *(.embedded_block)
                0x100001e8                        __embedded_block_end = .
 *(.reset)
 .reset         0x100001e8       0x9c CMakeFiles/tcpServer.dir/home/embedded/pico/pico-sdk/src/rp2_common/pico_crt0/crt0.S.o
                0x100001e8                _entry_point
 *(.init)
 .init          0x10000284        0x4 /usr/lib/gcc/arm-none-eabi/13.2.1/thumb/v6-m/nofp/crti.o
                0x10000284                _init
 *(EXCLUDE_FILE(*libm.a: *libc.a:*lib_a-mem*.o *libgcc.a:) .text*)
 .text          0x10000288       0x98 /usr/lib/gcc/arm-none-eabi/13.2.1/thumb/v6-m/nofp/crtbegin.o
 .text.tcp_server_sent
                0x10000320        0x8 CMakeFiles/tcpServer.dir/main.c.o
 .text.tcp_server_accept
                0x10000328       0xa0 CMakeFiles/tcpServer.dir/main.c.o
 .text.tcp_server_poll
                0x100003c8       0xa4 CMakeFiles/tcpServer.dir/main.c.o
 .text.tcp_server_err
                0x1000046c       0x24 CMakeFiles/tcpServer.dir/main.c.o
 .text.startup.main
                0x10000490      0x114 CMakeFiles/tcpServer.dir/main.c.o
                0x10000490                main
 .text.lwip_timeout_reached
                0x100005a4        0x8 CMakeFiles/tcpServer.dir/home/embedded/pico/pico-sdk/src/rp2_common/pico_lwip/lwip_nosys.c.o
 .text.update_next_timeout
                0x100005ac       0x60 CMakeFiles/tcpServer.dir/home/embedded/pico/pico-sdk/src/rp2_common/pico_lwip/lwip_nosys.c.o
 .text.lwip_nosys_init
                0x1000060c       0x30 CMakeFiles/tcpServer.dir/home/embedded/pico/pico-sdk/src/rp2_common/pico_lwip/lwip_nosys.c.o
                0x1000060c                lwip_nosys_init
 .text.lwip_nosys_deinit
                0x1000063c       0x20 CMakeFiles/tcpServer.dir/home/embedded/pico/pico-sdk/src/rp2_common/pico_lwip/lwip_nosys.c.o
                0x1000063c                lwip_nosys_deinit
 .text.sys_arch_protect
                0x1000065c        0x4 CMakeFiles/tcpServer.dir/home/embedded/pico/pico-sdk/src/rp2_common/pico_lwip/lwip_nosys.c.o
                0x1000065c                sys_arch_protect
 .text.sys_arch_unprotect
                0x10000660        0x4 CMakeFiles/tcpServer.dir/home/embedded/pico/pico-sdk/src/rp2_common/pico_lwip/lwip_nosys.c.o
                0x10000660                sys_arch_unprotect
 .text.sys_now  0x10000664       0x20 CMakeFiles/tcpServer.dir/home/embedded/pico/pico-sdk/src/rp2_common/pico_lwip/lwip_nosys.c.o
                0x10000664                sys_now
 .text.async_context_base_add_at_time_worker
                0x10000684       0x24 CMakeFiles/tcpServer.dir/home/embedded/pico/pico-sdk/src/rp2_common/pico_async_context/async_context_base.c.o
                0x10000684                async_context_base_add_at_time_worker
 .text.async_context_base_remove_at_time_worker
                0x100006a8       0x28 CMakeFiles/tcpServer.dir/home/embedded/pico/pico-sdk/src/rp2_common/pico_async_context/async_context_base.c.o
                0x100006a8                async_context_base_remove_at_time_worker
 .text.async_context_base_add_when_pending_worker
                0x100006d0       0x24 CMakeFiles/tcpServer.dir/home/embedded/pico/pico-sdk/src/rp2_common/pico_async_context/async_context_base.c.o
                0x100006d0                async_context_base_add_when_pending_worker
 .text.async_context_base_remove_when_pending_worker
                0x100006f4       0x28 CMakeFiles/tcpServer.dir/home/embedded/pico/pico-sdk/src/rp2_common/pico_async_context/async_context_base.c.o
                0x100006f4                async_context_base_remove_when_pending_worker
 .text.async_context_base_execute_once
                0x1000071c      0x108 CMakeFiles/tcpServer.dir/home/embedded/pico/pico-sdk/src/rp2_common/pico_async_context/async_context_base.c.o
                0x1000071c                async_context_base_execute_once
 .text.rp2040_chip_version
                0x10000824        0xc CMakeFiles/tcpServer.dir/home/embedded/pico/pico-sdk/src/rp2040/pico_platform/platform.c.o
                0x10000824                rp2040_chip_version
 .text.panic    0x10000830       0x30 CMakeFiles/tcpServer.dir/home/embedded/pico/pico-sdk/src/rp2_common/pico_platform_panic/panic.c.o
                0x10000830                panic
 .text.splitmix64
                0x10000860       0x58 CMakeFiles/tcpServer.dir/home/embedded/pico/pico-sdk/src/rp2_common/pico_rand/rand.c.o
 .text.xoroshiro128ss
                0x100008b8       0x90 CMakeFiles/tcpServer.dir/home/embedded/pico/pico-sdk/src/rp2_common/pico_rand/rand.c.o
 .text.get_rand_64
                0x10000948      0x4a4 CMakeFiles/tcpServer.dir/home/embedded/pico/pico-sdk/src/rp2_common/pico_rand/rand.c.o
                0x10000948                get_rand_64
 .text.get_rand_32
                0x10000dec        0x8 CMakeFiles/tcpServer.dir/home/embedded/pico/pico-sdk/src/rp2_common/pico_rand/rand.c.o
                0x10000dec                get_rand_32
 .text.startup._retrieve_unique_id_on_boot
                0x10000df4       0x10 CMakeFiles/tcpServer.dir/home/embedded/pico/pico-sdk/src/rp2_common/pico_unique_id/unique_id.c.o
 .text.pico_get_unique_board_id
                0x10000e04       0x10 CMakeFiles/tcpServer.dir/home/embedded/pico/pico-sdk/src/rp2_common/pico_unique_id/unique_id.c.o
                0x10000e04                pico_get_unique_board_id
 .text.pico_get_unique_board_id_string
                0x10000e14      0x1a8 CMakeFiles/tcpServer.dir/home/embedded/pico/pico-sdk/src/rp2_common/pico_unique_id/unique_id.c.o
                0x10000e14                pico_get_unique_board_id_string
 .text.flash_get_unique_id
                0x10000fbc       0x3c CMakeFiles/tcpServer.dir/home/embedded/pico/pico-sdk/src/rp2_common/hardware_flash/flash.c.o
                0x10000fbc                flash_get_unique_id
 .text.hw_claim_lock
                0x10000ff8       0x18 CMakeFiles/tcpServer.dir/home/embedded/pico/pico-sdk/src/common/hardware_claim/claim.c.o
                0x10000ff8                hw_claim_lock
 .text.hw_claim_unlock
                0x10001010       0x14 CMakeFiles/tcpServer.dir/home/embedded/pico/pico-sdk/src/common/hardware_claim/claim.c.o
                0x10001010                hw_claim_unlock
 .text.hw_claim_or_assert
                0x10001024       0x44 CMakeFiles/tcpServer.dir/home/embedded/pico/pico-sdk/src/common/hardware_claim/claim.c.o
                0x10001024                hw_claim_or_assert
 .text.hw_claim_unused_from_range
                0x10001068       0x9c CMakeFiles/tcpServer.dir/home/embedded/pico/pico-sdk/src/common/hardware_claim/claim.c.o
                0x10001068                hw_claim_unused_from_range
 .text.hw_claim_clear
                0x10001104       0x38 CMakeFiles/tcpServer.dir/home/embedded/pico/pico-sdk/src/common/hardware_claim/claim.c.o
                0x10001104                hw_claim_clear
 .text.next_striped_spin_lock_num
                0x1000113c       0x18 CMakeFiles/tcpServer.dir/home/embedded/pico/pico-sdk/src/rp2_common/hardware_sync/sync.c.o
                0x1000113c                next_striped_spin_lock_num
 .text.spin_lock_claim_unused
                0x10001154       0x24 CMakeFiles/tcpServer.dir/home/embedded/pico/pico-sdk/src/rp2_common/hardware_sync/sync.c.o
                0x10001154                spin_lock_claim_unused
 .text.spin_locks_reset
                0x10001178       0x1c CMakeFiles/tcpServer.dir/home/embedded/pico/pico-sdk/src/rp2_common/hardware_sync_spin_lock/sync_spin_lock.c.o
                0x10001178                spin_locks_reset
 .text.rom_func_lookup
                0x10001194       0x10 CMakeFiles/tcpServer.dir/home/embedded/pico/pico-sdk/src/rp2_common/pico_bootrom/bootrom.c.o
                0x10001194                rom_func_lookup
 .text.rom_data_lookup
                0x100011a4       0x10 CMakeFiles/tcpServer.dir/home/embedded/pico/pico-sdk/src/rp2_common/pico_bootrom/bootrom.c.o
                0x100011a4                rom_data_lookup
 .text.rom_funcs_lookup
                0x100011b4       0x44 CMakeFiles/tcpServer.dir/home/embedded/pico/pico-sdk/src/rp2_common/pico_bootrom/bootrom.c.o
                0x100011b4                rom_funcs_lookup
 .text.rom_reset_usb_boot_extra
                0x100011f8       0x28 CMakeFiles/tcpServer.dir/home/embedded/pico/pico-sdk/src/rp2_common/pico_bootrom/bootrom.c.o
                0x100011f8                rom_reset_usb_boot_extra
 .text.sleep_until_callback
                0x10001220       0x30 CMakeFiles/tcpServer.dir/home/embedded/pico/pico-sdk/src/common/pico_time/time.c.o
 .text.alarm_pool_irq_handler
                0x10001250      0x2fc CMakeFiles/tcpServer.dir/home/embedded/pico/pico-sdk/src/common/pico_time/time.c.o
 .text.runtime_init_default_alarm_pool
                0x1000154c       0xdc CMakeFiles/tcpServer.dir/home/embedded/pico/pico-sdk/src/common/pico_time/time.c.o
                0x1000154c                runtime_init_default_alarm_pool
 .text.alarm_pool_get_default
                0x10001628        0x8 CMakeFiles/tcpServer.dir/home/embedded/pico/pico-sdk/src/common/pico_time/time.c.o
                0x10001628                alarm_pool_get_default
 .text.alarm_pool_add_alarm_at
                0x10001630       0xd4 CMakeFiles/tcpServer.dir/home/embedded/pico/pico-sdk/src/common/pico_time/time.c.o
                0x10001630                alarm_pool_add_alarm_at
 .text.alarm_pool_add_alarm_at_force_in_context
                0x10001704       0xb0 CMakeFiles/tcpServer.dir/home/embedded/pico/pico-sdk/src/common/pico_time/time.c.o
                0x10001704                alarm_pool_add_alarm_at_force_in_context
 .text.alarm_pool_cancel_alarm
                0x100017b4       0x74 CMakeFiles/tcpServer.dir/home/embedded/pico/pico-sdk/src/common/pico_time/time.c.o
                0x100017b4                alarm_pool_cancel_alarm
 .text.alarm_pool_core_num
                0x10001828        0x4 CMakeFiles/tcpServer.dir/home/embedded/pico/pico-sdk/src/common/pico_time/time.c.o
                0x10001828                alarm_pool_core_num
 .text.sleep_until
                0x1000182c       0xd8 CMakeFiles/tcpServer.dir/home/embedded/pico/pico-sdk/src/common/pico_time/time.c.o
                0x1000182c                sleep_until
 .text.sleep_us
                0x10001904       0x28 CMakeFiles/tcpServer.dir/home/embedded/pico/pico-sdk/src/common/pico_time/time.c.o
                0x10001904                sleep_us
 .text.sleep_ms
                0x1000192c       0x38 CMakeFiles/tcpServer.dir/home/embedded/pico/pico-sdk/src/common/pico_time/time.c.o
                0x1000192c                sleep_ms
 .text.best_effort_wfe_or_timeout
                0x10001964       0xe0 CMakeFiles/tcpServer.dir/home/embedded/pico/pico-sdk/src/common/pico_time/time.c.o
                0x10001964                best_effort_wfe_or_timeout
 .text.timer_hardware_alarm_claim
                0x10001a44       0x14 CMakeFiles/tcpServer.dir/home/embedded/pico/pico-sdk/src/rp2_common/hardware_timer/timer.c.o
                0x10001a44                timer_hardware_alarm_claim
 .text.timer_time_us_64
                0x10001a58       0x10 CMakeFiles/tcpServer.dir/home/embedded/pico/pico-sdk/src/rp2_common/hardware_timer/timer.c.o
                0x10001a58                timer_time_us_64
 .text.time_us_64
                0x10001a68       0x14 CMakeFiles/tcpServer.dir/home/embedded/pico/pico-sdk/src/rp2_common/hardware_timer/timer.c.o
                0x10001a68                time_us_64
 .text.busy_wait_until
                0x10001a7c       0x20 CMakeFiles/tcpServer.dir/home/embedded/pico/pico-sdk/src/rp2_common/hardware_timer/timer.c.o
                0x10001a7c                busy_wait_until
 .text.runtime_init_per_core_irq_priorities
                0x10001a9c       0x24 CMakeFiles/tcpServer.dir/home/embedded/pico/pico-sdk/src/rp2_common/hardware_irq/irq.c.o
                0x10001a9c                runtime_init_per_core_irq_priorities
 .text.irq_set_enabled
                0x10001ac0       0x24 CMakeFiles/tcpServer.dir/home/embedded/pico/pico-sdk/src/rp2_common/hardware_irq/irq.c.o
                0x10001ac0                irq_set_enabled
 .text.irq_is_enabled
                0x10001ae4       0x18 CMakeFiles/tcpServer.dir/home/embedded/pico/pico-sdk/src/rp2_common/hardware_irq/irq.c.o
                0x10001ae4                irq_is_enabled
 .text.irq_set_pending
                0x10001afc       0x10 CMakeFiles/tcpServer.dir/home/embedded/pico/pico-sdk/src/rp2_common/hardware_irq/irq.c.o
                0x10001afc                irq_set_pending
 .text.irq_has_shared_handler
                0x10001b0c       0x2c CMakeFiles/tcpServer.dir/home/embedded/pico/pico-sdk/src/rp2_common/hardware_irq/irq.c.o
                0x10001b0c                irq_has_shared_handler
 .text.irq_set_exclusive_handler
                0x10001b38       0x54 CMakeFiles/tcpServer.dir/home/embedded/pico/pico-sdk/src/rp2_common/hardware_irq/irq.c.o
                0x10001b38                irq_set_exclusive_handler
 .text.irq_add_shared_handler
                0x10001b8c      0x1f4 CMakeFiles/tcpServer.dir/home/embedded/pico/pico-sdk/src/rp2_common/hardware_irq/irq.c.o
                0x10001b8c                irq_add_shared_handler
 .text.irq_remove_handler
                0x10001d80      0x1d4 CMakeFiles/tcpServer.dir/home/embedded/pico/pico-sdk/src/rp2_common/hardware_irq/irq.c.o
                0x10001d80                irq_remove_handler
 .text.irq_set_priority
                0x10001f54       0x28 CMakeFiles/tcpServer.dir/home/embedded/pico/pico-sdk/src/rp2_common/hardware_irq/irq.c.o
                0x10001f54                irq_set_priority
 .text.irq_add_tail_to_free_list
                0x10001f7c       0xb4 CMakeFiles/tcpServer.dir/home/embedded/pico/pico-sdk/src/rp2_common/hardware_irq/irq.c.o
                0x10001f7c                irq_add_tail_to_free_list
 .text.user_irq_unclaim
                0x10002030       0x14 CMakeFiles/tcpServer.dir/home/embedded/pico/pico-sdk/src/rp2_common/hardware_irq/irq.c.o
                0x10002030                user_irq_unclaim
 .text.user_irq_claim_unused
                0x10002044       0x2c CMakeFiles/tcpServer.dir/home/embedded/pico/pico-sdk/src/rp2_common/hardware_irq/irq.c.o
                0x10002044                user_irq_claim_unused
 .text.sem_init
                0x10002070       0x20 CMakeFiles/tcpServer.dir/home/embedded/pico/pico-sdk/src/common/pico_sync/sem.c.o
                0x10002070                sem_init
 .text.lock_init
                0x10002090       0x10 CMakeFiles/tcpServer.dir/home/embedded/pico/pico-sdk/src/common/pico_sync/lock_core.c.o
                0x10002090                lock_init
 .text.runtime_init_mutex
                0x100020a0       0x50 CMakeFiles/tcpServer.dir/home/embedded/pico/pico-sdk/src/common/pico_sync/mutex.c.o
                0x100020a0                runtime_init_mutex
 .text.mutex_init
                0x100020f0       0x1c CMakeFiles/tcpServer.dir/home/embedded/pico/pico-sdk/src/common/pico_sync/mutex.c.o
                0x100020f0                mutex_init
 .text.recursive_mutex_init
                0x1000210c       0x1c CMakeFiles/tcpServer.dir/home/embedded/pico/pico-sdk/src/common/pico_sync/mutex.c.o
                0x1000210c                recursive_mutex_init
 .text.critical_section_init
                0x10002128       0x1c CMakeFiles/tcpServer.dir/home/embedded/pico/pico-sdk/src/common/pico_sync/critical_section.c.o
                0x10002128                critical_section_init
 .text.critical_section_init_with_lock_num
                0x10002144       0x14 CMakeFiles/tcpServer.dir/home/embedded/pico/pico-sdk/src/common/pico_sync/critical_section.c.o
                0x10002144                critical_section_init_with_lock_num
 .text.clock_configure_int_divider
                0x10002158       0xf4 CMakeFiles/tcpServer.dir/home/embedded/pico/pico-sdk/src/rp2_common/hardware_clocks/clocks.c.o
                0x10002158                clock_configure_int_divider
 .text.clock_configure_undivided
                0x1000224c       0xe8 CMakeFiles/tcpServer.dir/home/embedded/pico/pico-sdk/src/rp2_common/hardware_clocks/clocks.c.o
                0x1000224c                clock_configure_undivided
 .text.clock_get_hz
                0x10002334        0xc CMakeFiles/tcpServer.dir/home/embedded/pico/pico-sdk/src/rp2_common/hardware_clocks/clocks.c.o
                0x10002334                clock_get_hz
 .text.gpio_set_function
                0x10002340       0x34 CMakeFiles/tcpServer.dir/home/embedded/pico/pico-sdk/src/rp2_common/hardware_gpio/gpio.c.o
                0x10002340                gpio_set_function
 .text.gpio_set_pulls
                0x10002374       0x28 CMakeFiles/tcpServer.dir/home/embedded/pico/pico-sdk/src/rp2_common/hardware_gpio/gpio.c.o
                0x10002374                gpio_set_pulls
 .text.gpio_set_input_hysteresis_enabled
                0x1000239c       0x28 CMakeFiles/tcpServer.dir/home/embedded/pico/pico-sdk/src/rp2_common/hardware_gpio/gpio.c.o
                0x1000239c                gpio_set_input_hysteresis_enabled
 .text.gpio_set_irq_enabled
                0x100023c4       0x58 CMakeFiles/tcpServer.dir/home/embedded/pico/pico-sdk/src/rp2_common/hardware_gpio/gpio.c.o
                0x100023c4                gpio_set_irq_enabled
 .text.gpio_add_raw_irq_handler_with_order_priority_masked
                0x1000241c       0x44 CMakeFiles/tcpServer.dir/home/embedded/pico/pico-sdk/src/rp2_common/hardware_gpio/gpio.c.o
                0x1000241c                gpio_add_raw_irq_handler_with_order_priority_masked
 .text.gpio_remove_raw_irq_handler_masked
                0x10002460       0x20 CMakeFiles/tcpServer.dir/home/embedded/pico/pico-sdk/src/rp2_common/hardware_gpio/gpio.c.o
                0x10002460                gpio_remove_raw_irq_handler_masked
 .text.gpio_set_input_enabled
                0x10002480       0x28 CMakeFiles/tcpServer.dir/home/embedded/pico/pico-sdk/src/rp2_common/hardware_gpio/gpio.c.o
                0x10002480                gpio_set_input_enabled
 .text.gpio_init
                0x100024a8       0x40 CMakeFiles/tcpServer.dir/home/embedded/pico/pico-sdk/src/rp2_common/hardware_gpio/gpio.c.o
                0x100024a8                gpio_init
 .text.pll_init
                0x100024e8       0xa4 CMakeFiles/tcpServer.dir/home/embedded/pico/pico-sdk/src/rp2_common/hardware_pll/pll.c.o
                0x100024e8                pll_init
 .text.watchdog_reboot
                0x1000258c       0x9c CMakeFiles/tcpServer.dir/home/embedded/pico/pico-sdk/src/rp2_common/hardware_watchdog/watchdog.c.o
                0x1000258c                watchdog_reboot
 .text.tick_start
                0x10002628       0x10 CMakeFiles/tcpServer.dir/home/embedded/pico/pico-sdk/src/rp2_common/hardware_ticks/ticks.c.o
                0x10002628                tick_start
 .text.xosc_init
                0x10002638       0x28 CMakeFiles/tcpServer.dir/home/embedded/pico/pico-sdk/src/rp2_common/hardware_xosc/xosc.c.o
                0x10002638                xosc_init
 .text.lwip_init
                0x10002660       0x24 CMakeFiles/tcpServer.dir/home/embedded/pico/pico-sdk/lib/lwip/src/core/init.c.o
                0x10002660                lwip_init
 .text.lwip_htons
                0x10002684        0x8 CMakeFiles/tcpServer.dir/home/embedded/pico/pico-sdk/lib/lwip/src/core/def.c.o
                0x10002684                lwip_htons
 .text.lwip_htonl
                0x1000268c        0x4 CMakeFiles/tcpServer.dir/home/embedded/pico/pico-sdk/lib/lwip/src/core/def.c.o
                0x1000268c                lwip_htonl
 .text.dns_call_found
                0x10002690      0x184 CMakeFiles/tcpServer.dir/home/embedded/pico/pico-sdk/lib/lwip/src/core/dns.c.o
 .text.dns_send.isra.0
                0x10002814      0x174 CMakeFiles/tcpServer.dir/home/embedded/pico/pico-sdk/lib/lwip/src/core/dns.c.o
 .text.dns_init
                0x10002988        0x4 CMakeFiles/tcpServer.dir/home/embedded/pico/pico-sdk/lib/lwip/src/core/dns.c.o
                0x10002988                dns_init
 .text.dns_setserver
                0x1000298c       0x24 CMakeFiles/tcpServer.dir/home/embedded/pico/pico-sdk/lib/lwip/src/core/dns.c.o
                0x1000298c                dns_setserver
 .text.dns_tmr  0x100029b0      0x140 CMakeFiles/tcpServer.dir/home/embedded/pico/pico-sdk/lib/lwip/src/core/dns.c.o
                0x100029b0                dns_tmr
 .text.lwip_standard_chksum
                0x10002af0       0xdc CMakeFiles/tcpServer.dir/home/embedded/pico/pico-sdk/lib/lwip/src/core/inet_chksum.c.o
                0x10002af0                lwip_standard_chksum
 .text.inet_chksum_pseudo
                0x10002bcc       0xbc CMakeFiles/tcpServer.dir/home/embedded/pico/pico-sdk/lib/lwip/src/core/inet_chksum.c.o
                0x10002bcc                inet_chksum_pseudo
 .text.ip_chksum_pseudo
                0x10002c88       0x10 CMakeFiles/tcpServer.dir/home/embedded/pico/pico-sdk/lib/lwip/src/core/inet_chksum.c.o
                0x10002c88                ip_chksum_pseudo
 .text.inet_chksum
                0x10002c98        0xc CMakeFiles/tcpServer.dir/home/embedded/pico/pico-sdk/lib/lwip/src/core/inet_chksum.c.o
                0x10002c98                inet_chksum
 .text.inet_chksum_pbuf
                0x10002ca4       0x78 CMakeFiles/tcpServer.dir/home/embedded/pico/pico-sdk/lib/lwip/src/core/inet_chksum.c.o
                0x10002ca4                inet_chksum_pbuf
 .text.mem_init
                0x10002d1c       0x3c CMakeFiles/tcpServer.dir/home/embedded/pico/pico-sdk/lib/lwip/src/core/mem.c.o
                0x10002d1c                mem_init
 .text.mem_free
                0x10002d58      0x130 CMakeFiles/tcpServer.dir/home/embedded/pico/pico-sdk/lib/lwip/src/core/mem.c.o
                0x10002d58                mem_free
 .text.mem_trim
                0x10002e88      0x104 CMakeFiles/tcpServer.dir/home/embedded/pico/pico-sdk/lib/lwip/src/core/mem.c.o
                0x10002e88                mem_trim
 .text.mem_malloc
                0x10002f8c      0x124 CMakeFiles/tcpServer.dir/home/embedded/pico/pico-sdk/lib/lwip/src/core/mem.c.o
                0x10002f8c                mem_malloc
 .text.memp_init
                0x100030b0       0x6c CMakeFiles/tcpServer.dir/home/embedded/pico/pico-sdk/lib/lwip/src/core/memp.c.o
                0x100030b0                memp_init
 .text.memp_malloc
                0x1000311c       0x40 CMakeFiles/tcpServer.dir/home/embedded/pico/pico-sdk/lib/lwip/src/core/memp.c.o
                0x1000311c                memp_malloc
 .text.memp_free
                0x1000315c       0x38 CMakeFiles/tcpServer.dir/home/embedded/pico/pico-sdk/lib/lwip/src/core/memp.c.o
                0x1000315c                memp_free
 .text.netif_null_output_ip4
                0x10003194        0x8 CMakeFiles/tcpServer.dir/home/embedded/pico/pico-sdk/lib/lwip/src/core/netif.c.o
 .text.netif_do_set_ipaddr.isra.0
                0x1000319c       0x60 CMakeFiles/tcpServer.dir/home/embedded/pico/pico-sdk/lib/lwip/src/core/netif.c.o
 .text.netif_init
                0x100031fc        0x4 CMakeFiles/tcpServer.dir/home/embedded/pico/pico-sdk/lib/lwip/src/core/netif.c.o
                0x100031fc                netif_init
 .text.netif_add
                0x10003200      0x16c CMakeFiles/tcpServer.dir/home/embedded/pico/pico-sdk/lib/lwip/src/core/netif.c.o
                0x10003200                netif_add
 .text.netif_set_addr
                0x1000336c       0xb4 CMakeFiles/tcpServer.dir/home/embedded/pico/pico-sdk/lib/lwip/src/core/netif.c.o
                0x1000336c                netif_set_addr
 .text.netif_remove
                0x10003420       0x94 CMakeFiles/tcpServer.dir/home/embedded/pico/pico-sdk/lib/lwip/src/core/netif.c.o
                0x10003420                netif_remove
 .text.netif_set_default
                0x100034b4        0xc CMakeFiles/tcpServer.dir/home/embedded/pico/pico-sdk/lib/lwip/src/core/netif.c.o
                0x100034b4                netif_set_default
 .text.netif_set_up
                0x100034c0       0x40 CMakeFiles/tcpServer.dir/home/embedded/pico/pico-sdk/lib/lwip/src/core/netif.c.o
                0x100034c0                netif_set_up
 .text.netif_set_link_up
                0x10003500       0x44 CMakeFiles/tcpServer.dir/home/embedded/pico/pico-sdk/lib/lwip/src/core/netif.c.o
                0x10003500                netif_set_link_up
 .text.netif_set_link_down
                0x10003544       0x20 CMakeFiles/tcpServer.dir/home/embedded/pico/pico-sdk/lib/lwip/src/core/netif.c.o
                0x10003544                netif_set_link_down
 .text.netif_get_by_index
                0x10003564       0x2c CMakeFiles/tcpServer.dir/home/embedded/pico/pico-sdk/lib/lwip/src/core/netif.c.o
                0x10003564                netif_get_by_index
 .text.pbuf_free.part.0
                0x10003590       0x7c CMakeFiles/tcpServer.dir/home/embedded/pico/pico-sdk/lib/lwip/src/core/pbuf.c.o
 .text.pbuf_free_ooseq
                0x1000360c       0x34 CMakeFiles/tcpServer.dir/home/embedded/pico/pico-sdk/lib/lwip/src/core/pbuf.c.o
                0x1000360c                pbuf_free_ooseq
 .text.pbuf_alloc
                0x10003640      0x134 CMakeFiles/tcpServer.dir/home/embedded/pico/pico-sdk/lib/lwip/src/core/pbuf.c.o
                0x10003640                pbuf_alloc
 .text.pbuf_realloc
                0x10003774       0x84 CMakeFiles/tcpServer.dir/home/embedded/pico/pico-sdk/lib/lwip/src/core/pbuf.c.o
                0x10003774                pbuf_realloc
 .text.pbuf_add_header
                0x100037f8       0x50 CMakeFiles/tcpServer.dir/home/embedded/pico/pico-sdk/lib/lwip/src/core/pbuf.c.o
                0x100037f8                pbuf_add_header
 .text.pbuf_remove_header
                0x10003848       0x3c CMakeFiles/tcpServer.dir/home/embedded/pico/pico-sdk/lib/lwip/src/core/pbuf.c.o
                0x10003848                pbuf_remove_header
 .text.pbuf_header_force
                0x10003884       0x68 CMakeFiles/tcpServer.dir/home/embedded/pico/pico-sdk/lib/lwip/src/core/pbuf.c.o
                0x10003884                pbuf_header_force
 .text.pbuf_free
                0x100038ec       0x18 CMakeFiles/tcpServer.dir/home/embedded/pico/pico-sdk/lib/lwip/src/core/pbuf.c.o
                0x100038ec                pbuf_free
 .text.pbuf_clen
                0x10003904       0x14 CMakeFiles/tcpServer.dir/home/embedded/pico/pico-sdk/lib/lwip/src/core/pbuf.c.o
                0x10003904                pbuf_clen
 .text.pbuf_ref
                0x10003918       0x28 CMakeFiles/tcpServer.dir/home/embedded/pico/pico-sdk/lib/lwip/src/core/pbuf.c.o
                0x10003918                pbuf_ref
 .text.pbuf_cat
                0x10003940       0x44 CMakeFiles/tcpServer.dir/home/embedded/pico/pico-sdk/lib/lwip/src/core/pbuf.c.o
                0x10003940                pbuf_cat
 .text.pbuf_chain
                0x10003984       0x64 CMakeFiles/tcpServer.dir/home/embedded/pico/pico-sdk/lib/lwip/src/core/pbuf.c.o
                0x10003984                pbuf_chain
 .text.pbuf_copy_partial_pbuf
                0x100039e8      0x148 CMakeFiles/tcpServer.dir/home/embedded/pico/pico-sdk/lib/lwip/src/core/pbuf.c.o
                0x100039e8                pbuf_copy_partial_pbuf
 .text.pbuf_copy
                0x10003b30       0x18 CMakeFiles/tcpServer.dir/home/embedded/pico/pico-sdk/lib/lwip/src/core/pbuf.c.o
                0x10003b30                pbuf_copy
 .text.pbuf_copy_partial
                0x10003b48       0x68 CMakeFiles/tcpServer.dir/home/embedded/pico/pico-sdk/lib/lwip/src/core/pbuf.c.o
                0x10003b48                pbuf_copy_partial
 .text.pbuf_take
                0x10003bb0       0x78 CMakeFiles/tcpServer.dir/home/embedded/pico/pico-sdk/lib/lwip/src/core/pbuf.c.o
                0x10003bb0                pbuf_take
 .text.pbuf_take_at
                0x10003c28       0xcc CMakeFiles/tcpServer.dir/home/embedded/pico/pico-sdk/lib/lwip/src/core/pbuf.c.o
                0x10003c28                pbuf_take_at
 .text.pbuf_clone
                0x10003cf4       0x30 CMakeFiles/tcpServer.dir/home/embedded/pico/pico-sdk/lib/lwip/src/core/pbuf.c.o
                0x10003cf4                pbuf_clone
 .text.pbuf_put_at
                0x10003d24       0x1c CMakeFiles/tcpServer.dir/home/embedded/pico/pico-sdk/lib/lwip/src/core/pbuf.c.o
                0x10003d24                pbuf_put_at
 .text.raw_input
                0x10003d40      0x164 CMakeFiles/tcpServer.dir/home/embedded/pico/pico-sdk/lib/lwip/src/core/raw.c.o
                0x10003d40                raw_input
 .text.raw_netif_ip_addr_changed
                0x10003ea4       0x40 CMakeFiles/tcpServer.dir/home/embedded/pico/pico-sdk/lib/lwip/src/core/raw.c.o
                0x10003ea4                raw_netif_ip_addr_changed
 .text.stats_init
                0x10003ee4        0x4 CMakeFiles/tcpServer.dir/home/embedded/pico/pico-sdk/lib/lwip/src/core/stats.c.o
                0x10003ee4                stats_init
 .text.tcp_close_shutdown_fin
                0x10003ee8       0x54 CMakeFiles/tcpServer.dir/home/embedded/pico/pico-sdk/lib/lwip/src/core/tcp.c.o
 .text.tcp_pcb_purge.part.0
                0x10003f3c       0xc4 CMakeFiles/tcpServer.dir/home/embedded/pico/pico-sdk/lib/lwip/src/core/tcp.c.o
 .text.tcp_init
                0x10004000       0x20 CMakeFiles/tcpServer.dir/home/embedded/pico/pico-sdk/lib/lwip/src/core/tcp.c.o
                0x10004000                tcp_init
 .text.tcp_free
                0x10004020       0x1c CMakeFiles/tcpServer.dir/home/embedded/pico/pico-sdk/lib/lwip/src/core/tcp.c.o
                0x10004020                tcp_free
 .text.tcp_bind
                0x1000403c       0xf4 CMakeFiles/tcpServer.dir/home/embedded/pico/pico-sdk/lib/lwip/src/core/tcp.c.o
                0x1000403c                tcp_bind
 .text.tcp_listen_with_backlog
                0x10004130       0x98 CMakeFiles/tcpServer.dir/home/embedded/pico/pico-sdk/lib/lwip/src/core/tcp.c.o
                0x10004130                tcp_listen_with_backlog
 .text.tcp_update_rcv_ann_wnd
                0x100041c8       0x58 CMakeFiles/tcpServer.dir/home/embedded/pico/pico-sdk/lib/lwip/src/core/tcp.c.o
                0x100041c8                tcp_update_rcv_ann_wnd
 .text.tcp_recved
                0x10004220       0x98 CMakeFiles/tcpServer.dir/home/embedded/pico/pico-sdk/lib/lwip/src/core/tcp.c.o
                0x10004220                tcp_recved
 .text.tcp_slowtmr
                0x100042b8      0x524 CMakeFiles/tcpServer.dir/home/embedded/pico/pico-sdk/lib/lwip/src/core/tcp.c.o
                0x100042b8                tcp_slowtmr
 .text.tcp_segs_free
                0x100047dc       0x38 CMakeFiles/tcpServer.dir/home/embedded/pico/pico-sdk/lib/lwip/src/core/tcp.c.o
                0x100047dc                tcp_segs_free
 .text.tcp_seg_free
                0x10004814       0x1c CMakeFiles/tcpServer.dir/home/embedded/pico/pico-sdk/lib/lwip/src/core/tcp.c.o
                0x10004814                tcp_seg_free
 .text.tcp_setprio
                0x10004830        0x8 CMakeFiles/tcpServer.dir/home/embedded/pico/pico-sdk/lib/lwip/src/core/tcp.c.o
                0x10004830                tcp_setprio
 .text.tcp_seg_copy
                0x10004838       0x2c CMakeFiles/tcpServer.dir/home/embedded/pico/pico-sdk/lib/lwip/src/core/tcp.c.o
                0x10004838                tcp_seg_copy
 .text.tcp_arg  0x10004864        0x8 CMakeFiles/tcpServer.dir/home/embedded/pico/pico-sdk/lib/lwip/src/core/tcp.c.o
                0x10004864                tcp_arg
 .text.tcp_sent
                0x1000486c       0x1c CMakeFiles/tcpServer.dir/home/embedded/pico/pico-sdk/lib/lwip/src/core/tcp.c.o
                0x1000486c                tcp_sent
 .text.tcp_err  0x10004888       0x1c CMakeFiles/tcpServer.dir/home/embedded/pico/pico-sdk/lib/lwip/src/core/tcp.c.o
                0x10004888                tcp_err
 .text.tcp_accept
                0x100048a4       0x10 CMakeFiles/tcpServer.dir/home/embedded/pico/pico-sdk/lib/lwip/src/core/tcp.c.o
                0x100048a4                tcp_accept
 .text.tcp_poll
                0x100048b4       0x20 CMakeFiles/tcpServer.dir/home/embedded/pico/pico-sdk/lib/lwip/src/core/tcp.c.o
                0x100048b4                tcp_poll
 .text.tcp_pcb_purge
                0x100048d4       0x18 CMakeFiles/tcpServer.dir/home/embedded/pico/pico-sdk/lib/lwip/src/core/tcp.c.o
                0x100048d4                tcp_pcb_purge
 .text.tcp_pcb_remove
                0x100048ec       0xc8 CMakeFiles/tcpServer.dir/home/embedded/pico/pico-sdk/lib/lwip/src/core/tcp.c.o
                0x100048ec                tcp_pcb_remove
 .text.tcp_abandon
                0x100049b4      0x1a0 CMakeFiles/tcpServer.dir/home/embedded/pico/pico-sdk/lib/lwip/src/core/tcp.c.o
                0x100049b4                tcp_abandon
 .text.tcp_abort
                0x10004b54        0xc CMakeFiles/tcpServer.dir/home/embedded/pico/pico-sdk/lib/lwip/src/core/tcp.c.o
                0x10004b54                tcp_abort
 .text.tcp_accept_null
                0x10004b60       0x20 CMakeFiles/tcpServer.dir/home/embedded/pico/pico-sdk/lib/lwip/src/core/tcp.c.o
 .text.tcp_alloc
                0x10004b80      0x1d4 CMakeFiles/tcpServer.dir/home/embedded/pico/pico-sdk/lib/lwip/src/core/tcp.c.o
                0x10004b80                tcp_alloc
 .text.tcp_new  0x10004d54        0xc CMakeFiles/tcpServer.dir/home/embedded/pico/pico-sdk/lib/lwip/src/core/tcp.c.o
                0x10004d54                tcp_new
 .text.tcp_close_shutdown
                0x10004d60      0x188 CMakeFiles/tcpServer.dir/home/embedded/pico/pico-sdk/lib/lwip/src/core/tcp.c.o
 .text.tcp_recv_null
                0x10004ee8       0xcc CMakeFiles/tcpServer.dir/home/embedded/pico/pico-sdk/lib/lwip/src/core/tcp.c.o
                0x10004ee8                tcp_recv_null
 .text.tcp_process_refused_data
                0x10004fb4       0x78 CMakeFiles/tcpServer.dir/home/embedded/pico/pico-sdk/lib/lwip/src/core/tcp.c.o
                0x10004fb4                tcp_process_refused_data
 .text.tcp_fasttmr
                0x1000502c       0x98 CMakeFiles/tcpServer.dir/home/embedded/pico/pico-sdk/lib/lwip/src/core/tcp.c.o
                0x1000502c                tcp_fasttmr
 .text.tcp_tmr  0x100050c4       0x20 CMakeFiles/tcpServer.dir/home/embedded/pico/pico-sdk/lib/lwip/src/core/tcp.c.o
                0x100050c4                tcp_tmr
 .text.tcp_close
                0x100050e4      0x170 CMakeFiles/tcpServer.dir/home/embedded/pico/pico-sdk/lib/lwip/src/core/tcp.c.o
                0x100050e4                tcp_close
 .text.tcp_next_iss
                0x10005254       0x28 CMakeFiles/tcpServer.dir/home/embedded/pico/pico-sdk/lib/lwip/src/core/tcp.c.o
                0x10005254                tcp_next_iss
 .text.tcp_eff_send_mss_netif
                0x1000527c       0x34 CMakeFiles/tcpServer.dir/home/embedded/pico/pico-sdk/lib/lwip/src/core/tcp.c.o
                0x1000527c                tcp_eff_send_mss_netif
 .text.tcp_netif_ip_addr_changed
                0x100052b0       0x94 CMakeFiles/tcpServer.dir/home/embedded/pico/pico-sdk/lib/lwip/src/core/tcp.c.o
                0x100052b0                tcp_netif_ip_addr_changed
 .text.tcp_free_ooseq
                0x10005344       0x40 CMakeFiles/tcpServer.dir/home/embedded/pico/pico-sdk/lib/lwip/src/core/tcp.c.o
                0x10005344                tcp_free_ooseq
 .text.tcp_parseopt
                0x10005384      0x1bc CMakeFiles/tcpServer.dir/home/embedded/pico/pico-sdk/lib/lwip/src/core/tcp_in.c.o
 .text.tcp_oos_insert_segment
                0x10005540       0xdc CMakeFiles/tcpServer.dir/home/embedded/pico/pico-sdk/lib/lwip/src/core/tcp_in.c.o
 .text.tcp_free_acked_segments.isra.0
                0x1000561c       0xdc CMakeFiles/tcpServer.dir/home/embedded/pico/pico-sdk/lib/lwip/src/core/tcp_in.c.o
 .text.tcp_receive
                0x100056f8      0xa00 CMakeFiles/tcpServer.dir/home/embedded/pico/pico-sdk/lib/lwip/src/core/tcp_in.c.o
 .text.tcp_input
                0x100060f8      0xe54 CMakeFiles/tcpServer.dir/home/embedded/pico/pico-sdk/lib/lwip/src/core/tcp_in.c.o
                0x100060f8                tcp_input
 .text.tcp_trigger_input_pcb_close
                0x10006f4c       0x10 CMakeFiles/tcpServer.dir/home/embedded/pico/pico-sdk/lib/lwip/src/core/tcp_in.c.o
                0x10006f4c                tcp_trigger_input_pcb_close
 .text.tcp_create_segment
                0x10006f5c       0xf8 CMakeFiles/tcpServer.dir/home/embedded/pico/pico-sdk/lib/lwip/src/core/tcp_out.c.o
 .text.tcp_output_control_segment
                0x10007054       0xc0 CMakeFiles/tcpServer.dir/home/embedded/pico/pico-sdk/lib/lwip/src/core/tcp_out.c.o
 .text.tcp_output_alloc_header.constprop.0
                0x10007114       0xc8 CMakeFiles/tcpServer.dir/home/embedded/pico/pico-sdk/lib/lwip/src/core/tcp_out.c.o
 .text.tcp_write
                0x100071dc      0x468 CMakeFiles/tcpServer.dir/home/embedded/pico/pico-sdk/lib/lwip/src/core/tcp_out.c.o
                0x100071dc                tcp_write
 .text.tcp_split_unsent_seg
                0x10007644      0x1b4 CMakeFiles/tcpServer.dir/home/embedded/pico/pico-sdk/lib/lwip/src/core/tcp_out.c.o
                0x10007644                tcp_split_unsent_seg
 .text.tcp_send_fin
                0x100077f8      0x118 CMakeFiles/tcpServer.dir/home/embedded/pico/pico-sdk/lib/lwip/src/core/tcp_out.c.o
                0x100077f8                tcp_send_fin
 .text.tcp_enqueue_flags
                0x10007910      0x108 CMakeFiles/tcpServer.dir/home/embedded/pico/pico-sdk/lib/lwip/src/core/tcp_out.c.o
                0x10007910                tcp_enqueue_flags
 .text.tcp_rexmit_rto_prepare
                0x10007a18       0x9c CMakeFiles/tcpServer.dir/home/embedded/pico/pico-sdk/lib/lwip/src/core/tcp_out.c.o
                0x10007a18                tcp_rexmit_rto_prepare
 .text.tcp_rexmit
                0x10007ab4       0x9c CMakeFiles/tcpServer.dir/home/embedded/pico/pico-sdk/lib/lwip/src/core/tcp_out.c.o
                0x10007ab4                tcp_rexmit
 .text.tcp_rexmit_fast
                0x10007b50       0x64 CMakeFiles/tcpServer.dir/home/embedded/pico/pico-sdk/lib/lwip/src/core/tcp_out.c.o
                0x10007b50                tcp_rexmit_fast
 .text.tcp_rst  0x10007bb4       0xe8 CMakeFiles/tcpServer.dir/home/embedded/pico/pico-sdk/lib/lwip/src/core/tcp_out.c.o
                0x10007bb4                tcp_rst
 .text.tcp_rst_netif
                0x10007c9c      0x130 CMakeFiles/tcpServer.dir/home/embedded/pico/pico-sdk/lib/lwip/src/core/tcp_out.c.o
                0x10007c9c                tcp_rst_netif
 .text.tcp_send_empty_ack
                0x10007dcc       0x4c CMakeFiles/tcpServer.dir/home/embedded/pico/pico-sdk/lib/lwip/src/core/tcp_out.c.o
                0x10007dcc                tcp_send_empty_ack
 .text.tcp_output
                0x10007e18      0x454 CMakeFiles/tcpServer.dir/home/embedded/pico/pico-sdk/lib/lwip/src/core/tcp_out.c.o
                0x10007e18                tcp_output
 .text.tcp_rexmit_rto_commit
                0x1000826c       0x24 CMakeFiles/tcpServer.dir/home/embedded/pico/pico-sdk/lib/lwip/src/core/tcp_out.c.o
                0x1000826c                tcp_rexmit_rto_commit
 .text.tcp_rexmit_rto
                0x10008290       0xa4 CMakeFiles/tcpServer.dir/home/embedded/pico/pico-sdk/lib/lwip/src/core/tcp_out.c.o
                0x10008290                tcp_rexmit_rto
 .text.tcp_keepalive
                0x10008334       0xdc CMakeFiles/tcpServer.dir/home/embedded/pico/pico-sdk/lib/lwip/src/core/tcp_out.c.o
                0x10008334                tcp_keepalive
 .text.tcp_zero_window_probe
                0x10008410      0x110 CMakeFiles/tcpServer.dir/home/embedded/pico/pico-sdk/lib/lwip/src/core/tcp_out.c.o
                0x10008410                tcp_zero_window_probe
 .text.tcpip_tcp_timer
                0x10008520       0x78 CMakeFiles/tcpServer.dir/home/embedded/pico/pico-sdk/lib/lwip/src/core/timeouts.c.o
 .text.lwip_cyclic_timer
                0x10008598       0x98 CMakeFiles/tcpServer.dir/home/embedded/pico/pico-sdk/lib/lwip/src/core/timeouts.c.o
 .text.tcp_timer_needed
                0x10008630       0x7c CMakeFiles/tcpServer.dir/home/embedded/pico/pico-sdk/lib/lwip/src/core/timeouts.c.o
                0x10008630                tcp_timer_needed
 .text.sys_timeouts_init
                0x100086ac       0x8c CMakeFiles/tcpServer.dir/home/embedded/pico/pico-sdk/lib/lwip/src/core/timeouts.c.o
                0x100086ac                sys_timeouts_init
 .text.sys_check_timeouts
                0x10008738       0x68 CMakeFiles/tcpServer.dir/home/embedded/pico/pico-sdk/lib/lwip/src/core/timeouts.c.o
                0x10008738                sys_check_timeouts
 .text.sys_timeouts_sleeptime
                0x100087a0       0x28 CMakeFiles/tcpServer.dir/home/embedded/pico/pico-sdk/lib/lwip/src/core/timeouts.c.o
                0x100087a0                sys_timeouts_sleeptime
 .text.udp_init
                0x100087c8       0x20 CMakeFiles/tcpServer.dir/home/embedded/pico/pico-sdk/lib/lwip/src/core/udp.c.o
                0x100087c8                udp_init
 .text.udp_input
                0x100087e8      0x320 CMakeFiles/tcpServer.dir/home/embedded/pico/pico-sdk/lib/lwip/src/core/udp.c.o
                0x100087e8                udp_input
 .text.udp_bind
                0x10008b08      0x118 CMakeFiles/tcpServer.dir/home/embedded/pico/pico-sdk/lib/lwip/src/core/udp.c.o
                0x10008b08                udp_bind
 .text.udp_sendto_if_src
                0x10008c20      0x130 CMakeFiles/tcpServer.dir/home/embedded/pico/pico-sdk/lib/lwip/src/core/udp.c.o
                0x10008c20                udp_sendto_if_src
 .text.udp_sendto_if
                0x10008d50       0x48 CMakeFiles/tcpServer.dir/home/embedded/pico/pico-sdk/lib/lwip/src/core/udp.c.o
                0x10008d50                udp_sendto_if
 .text.udp_sendto
                0x10008d98       0x78 CMakeFiles/tcpServer.dir/home/embedded/pico/pico-sdk/lib/lwip/src/core/udp.c.o
                0x10008d98                udp_sendto
 .text.udp_connect
                0x10008e10       0x60 CMakeFiles/tcpServer.dir/home/embedded/pico/pico-sdk/lib/lwip/src/core/udp.c.o
                0x10008e10                udp_connect
 .text.udp_recv
                0x10008e70        0xc CMakeFiles/tcpServer.dir/home/embedded/pico/pico-sdk/lib/lwip/src/core/udp.c.o
                0x10008e70                udp_recv
 .text.udp_remove
                0x10008e7c       0x3c CMakeFiles/tcpServer.dir/home/embedded/pico/pico-sdk/lib/lwip/src/core/udp.c.o
                0x10008e7c                udp_remove
 .text.udp_new  0x10008eb8       0x1c CMakeFiles/tcpServer.dir/home/embedded/pico/pico-sdk/lib/lwip/src/core/udp.c.o
                0x10008eb8                udp_new
 .text.udp_netif_ip_addr_changed
                0x10008ed4       0x40 CMakeFiles/tcpServer.dir/home/embedded/pico/pico-sdk/lib/lwip/src/core/udp.c.o
                0x10008ed4                udp_netif_ip_addr_changed
 .text.dhcp_create_msg
                0x10008f14      0x164 CMakeFiles/tcpServer.dir/home/embedded/pico/pico-sdk/lib/lwip/src/core/ipv4/dhcp.c.o
 .text.dhcp_inc_pcb_refcount
                0x10009078       0x6c CMakeFiles/tcpServer.dir/home/embedded/pico/pico-sdk/lib/lwip/src/core/ipv4/dhcp.c.o
 .text.dhcp_bind
                0x100090e4      0x138 CMakeFiles/tcpServer.dir/home/embedded/pico/pico-sdk/lib/lwip/src/core/ipv4/dhcp.c.o
 .text.dhcp_option_hostname.isra.0
                0x1000921c       0x84 CMakeFiles/tcpServer.dir/home/embedded/pico/pico-sdk/lib/lwip/src/core/ipv4/dhcp.c.o
 .text.dhcp_handle_ack.isra.0
                0x100092a0       0xcc CMakeFiles/tcpServer.dir/home/embedded/pico/pico-sdk/lib/lwip/src/core/ipv4/dhcp.c.o
 .text.dhcp_reboot.isra.0
                0x1000936c      0x178 CMakeFiles/tcpServer.dir/home/embedded/pico/pico-sdk/lib/lwip/src/core/ipv4/dhcp.c.o
 .text.dhcp_discover
                0x100094e4      0x140 CMakeFiles/tcpServer.dir/home/embedded/pico/pico-sdk/lib/lwip/src/core/ipv4/dhcp.c.o
 .text.dhcp_select.isra.0
                0x10009624      0x1e0 CMakeFiles/tcpServer.dir/home/embedded/pico/pico-sdk/lib/lwip/src/core/ipv4/dhcp.c.o
 .text.dhcp_recv
                0x10009804      0x47c CMakeFiles/tcpServer.dir/home/embedded/pico/pico-sdk/lib/lwip/src/core/ipv4/dhcp.c.o
 .text.dhcp_set_struct
                0x10009c80       0x44 CMakeFiles/tcpServer.dir/home/embedded/pico/pico-sdk/lib/lwip/src/core/ipv4/dhcp.c.o
                0x10009c80                dhcp_set_struct
 .text.dhcp_network_changed_link_up
                0x10009cc4       0x40 CMakeFiles/tcpServer.dir/home/embedded/pico/pico-sdk/lib/lwip/src/core/ipv4/dhcp.c.o
                0x10009cc4                dhcp_network_changed_link_up
 .text.dhcp_renew
                0x10009d04      0x138 CMakeFiles/tcpServer.dir/home/embedded/pico/pico-sdk/lib/lwip/src/core/ipv4/dhcp.c.o
                0x10009d04                dhcp_renew
 .text.dhcp_release_and_stop
                0x10009e3c      0x158 CMakeFiles/tcpServer.dir/home/embedded/pico/pico-sdk/lib/lwip/src/core/ipv4/dhcp.c.o
                0x10009e3c                dhcp_release_and_stop
 .text.dhcp_start
                0x10009f94       0xb0 CMakeFiles/tcpServer.dir/home/embedded/pico/pico-sdk/lib/lwip/src/core/ipv4/dhcp.c.o
                0x10009f94                dhcp_start
 .text.dhcp_coarse_tmr
                0x1000a044      0x1d8 CMakeFiles/tcpServer.dir/home/embedded/pico/pico-sdk/lib/lwip/src/core/ipv4/dhcp.c.o
                0x1000a044                dhcp_coarse_tmr
 .text.dhcp_fine_tmr
                0x1000a21c       0x78 CMakeFiles/tcpServer.dir/home/embedded/pico/pico-sdk/lib/lwip/src/core/ipv4/dhcp.c.o
                0x1000a21c                dhcp_fine_tmr
 .text.dhcp_stop
                0x1000a294      0x158 CMakeFiles/tcpServer.dir/home/embedded/pico/pico-sdk/lib/lwip/src/core/ipv4/dhcp.c.o
                0x1000a294                dhcp_stop
 .text.etharp_find_entry
                0x1000a3ec      0x3c0 CMakeFiles/tcpServer.dir/home/embedded/pico/pico-sdk/lib/lwip/src/core/ipv4/etharp.c.o
 .text.etharp_raw
                0x1000a7ac       0xec CMakeFiles/tcpServer.dir/home/embedded/pico/pico-sdk/lib/lwip/src/core/ipv4/etharp.c.o
 .text.etharp_output_to_arp_index
                0x1000a898       0xd0 CMakeFiles/tcpServer.dir/home/embedded/pico/pico-sdk/lib/lwip/src/core/ipv4/etharp.c.o
 .text.etharp_tmr
                0x1000a968       0x94 CMakeFiles/tcpServer.dir/home/embedded/pico/pico-sdk/lib/lwip/src/core/ipv4/etharp.c.o
                0x1000a968                etharp_tmr
 .text.etharp_cleanup_netif
                0x1000a9fc      0x188 CMakeFiles/tcpServer.dir/home/embedded/pico/pico-sdk/lib/lwip/src/core/ipv4/etharp.c.o
                0x1000a9fc                etharp_cleanup_netif
 .text.etharp_input
                0x1000ab84      0x1b8 CMakeFiles/tcpServer.dir/home/embedded/pico/pico-sdk/lib/lwip/src/core/ipv4/etharp.c.o
                0x1000ab84                etharp_input
 .text.etharp_query
                0x1000ad3c      0x1b8 CMakeFiles/tcpServer.dir/home/embedded/pico/pico-sdk/lib/lwip/src/core/ipv4/etharp.c.o
                0x1000ad3c                etharp_query
 .text.etharp_output
                0x1000aef4      0x24c CMakeFiles/tcpServer.dir/home/embedded/pico/pico-sdk/lib/lwip/src/core/ipv4/etharp.c.o
                0x1000aef4                etharp_output
 .text.etharp_request
                0x1000b140       0x2c CMakeFiles/tcpServer.dir/home/embedded/pico/pico-sdk/lib/lwip/src/core/ipv4/etharp.c.o
                0x1000b140                etharp_request
 .text.icmp_input
                0x1000b16c      0x1ec CMakeFiles/tcpServer.dir/home/embedded/pico/pico-sdk/lib/lwip/src/core/ipv4/icmp.c.o
                0x1000b16c                icmp_input
 .text.icmp_dest_unreach
                0x1000b358       0xcc CMakeFiles/tcpServer.dir/home/embedded/pico/pico-sdk/lib/lwip/src/core/ipv4/icmp.c.o
                0x1000b358                icmp_dest_unreach
 .text.icmp_time_exceeded
                0x1000b424       0xcc CMakeFiles/tcpServer.dir/home/embedded/pico/pico-sdk/lib/lwip/src/core/ipv4/icmp.c.o
                0x1000b424                icmp_time_exceeded
 .text.ip_reass_free_complete_datagram
                0x1000b4f0      0x11c CMakeFiles/tcpServer.dir/home/embedded/pico/pico-sdk/lib/lwip/src/core/ipv4/ip4_frag.c.o
 .text.ip_reass_remove_oldest_datagram
                0x1000b60c       0xd8 CMakeFiles/tcpServer.dir/home/embedded/pico/pico-sdk/lib/lwip/src/core/ipv4/ip4_frag.c.o
 .text.ip_reass_tmr
                0x1000b6e4       0x30 CMakeFiles/tcpServer.dir/home/embedded/pico/pico-sdk/lib/lwip/src/core/ipv4/ip4_frag.c.o
                0x1000b6e4                ip_reass_tmr
 .text.ip4_reass
                0x1000b714      0x560 CMakeFiles/tcpServer.dir/home/embedded/pico/pico-sdk/lib/lwip/src/core/ipv4/ip4_frag.c.o
                0x1000b714                ip4_reass
 .text.ip4_frag
                0x1000bc74      0x254 CMakeFiles/tcpServer.dir/home/embedded/pico/pico-sdk/lib/lwip/src/core/ipv4/ip4_frag.c.o
                0x1000bc74                ip4_frag
 .text.ip4_route
                0x1000bec8       0x7c CMakeFiles/tcpServer.dir/home/embedded/pico/pico-sdk/lib/lwip/src/core/ipv4/ip4.c.o
                0x1000bec8                ip4_route
 .text.ip4_input
                0x1000bf44      0x300 CMakeFiles/tcpServer.dir/home/embedded/pico/pico-sdk/lib/lwip/src/core/ipv4/ip4.c.o
                0x1000bf44                ip4_input
 .text.ip4_output_if
                0x1000c244      0x190 CMakeFiles/tcpServer.dir/home/embedded/pico/pico-sdk/lib/lwip/src/core/ipv4/ip4.c.o
                0x1000c244                ip4_output_if
 .text.ip4_output_if_src
                0x1000c3d4      0x184 CMakeFiles/tcpServer.dir/home/embedded/pico/pico-sdk/lib/lwip/src/core/ipv4/ip4.c.o
                0x1000c3d4                ip4_output_if_src
 .text.ip4_addr_isbroadcast_u32
                0x1000c558       0x3c CMakeFiles/tcpServer.dir/home/embedded/pico/pico-sdk/lib/lwip/src/core/ipv4/ip4_addr.c.o
                0x1000c558                ip4_addr_isbroadcast_u32
 .text.ip4addr_ntoa
                0x1000c594       0xec CMakeFiles/tcpServer.dir/home/embedded/pico/pico-sdk/lib/lwip/src/core/ipv4/ip4_addr.c.o
                0x1000c594                ip4addr_ntoa
 .text.ethernet_input
                0x1000c680       0xd0 CMakeFiles/tcpServer.dir/home/embedded/pico/pico-sdk/lib/lwip/src/netif/ethernet.c.o
                0x1000c680                ethernet_input
 .text.ethernet_output
                0x1000c750       0x6c CMakeFiles/tcpServer.dir/home/embedded/pico/pico-sdk/lib/lwip/src/netif/ethernet.c.o
                0x1000c750                ethernet_output
 .text.cyw43_arch_wifi_connect_bssid_until.part.0
                0x1000c7bc      0x150 CMakeFiles/tcpServer.dir/home/embedded/pico/pico-sdk/src/rp2_common/pico_cyw43_arch/cyw43_arch.c.o
 .text.cyw43_arch_set_async_context
                0x1000c90c        0xc CMakeFiles/tcpServer.dir/home/embedded/pico/pico-sdk/src/rp2_common/pico_cyw43_arch/cyw43_arch.c.o
                0x1000c90c                cyw43_arch_set_async_context
 .text.cyw43_arch_enable_sta_mode
                0x1000c918       0x1c CMakeFiles/tcpServer.dir/home/embedded/pico/pico-sdk/src/rp2_common/pico_cyw43_arch/cyw43_arch.c.o
                0x1000c918                cyw43_arch_enable_sta_mode
 .text.cyw43_arch_wifi_connect_timeout_ms
                0x1000c934       0xa0 CMakeFiles/tcpServer.dir/home/embedded/pico/pico-sdk/src/rp2_common/pico_cyw43_arch/cyw43_arch.c.o
                0x1000c934                cyw43_arch_wifi_connect_timeout_ms
 .text.cyw43_arch_async_context
                0x1000c9d4        0xc CMakeFiles/tcpServer.dir/home/embedded/pico/pico-sdk/src/rp2_common/pico_cyw43_arch/cyw43_arch.c.o
                0x1000c9d4                cyw43_arch_async_context
 .text.cyw43_arch_poll
                0x1000c9e0       0x18 CMakeFiles/tcpServer.dir/home/embedded/pico/pico-sdk/src/rp2_common/pico_cyw43_arch/cyw43_arch.c.o
                0x1000c9e0                cyw43_arch_poll
 .text.cyw43_arch_init
                0x1000c9f8       0x74 CMakeFiles/tcpServer.dir/home/embedded/pico/pico-sdk/src/rp2_common/pico_cyw43_arch/cyw43_arch_threadsafe_background.c.o
                0x1000c9f8                cyw43_arch_init
 .text.ns_delay.constprop.0
                0x1000ca6c       0x20 CMakeFiles/tcpServer.dir/home/embedded/pico/pico-sdk/src/rp2_common/pico_cyw43_driver/cyw43_bus_pio_spi.c.o
 .text.cyw43_spi_deinit
                0x1000ca8c       0x6c CMakeFiles/tcpServer.dir/home/embedded/pico/pico-sdk/src/rp2_common/pico_cyw43_driver/cyw43_bus_pio_spi.c.o
                0x1000ca8c                cyw43_spi_deinit
 .text.cyw43_spi_init
                0x1000caf8      0x128 CMakeFiles/tcpServer.dir/home/embedded/pico/pico-sdk/src/rp2_common/pico_cyw43_driver/cyw43_bus_pio_spi.c.o
                0x1000caf8                cyw43_spi_init
 .text.cyw43_spi_transfer
                0x1000cc20      0x408 CMakeFiles/tcpServer.dir/home/embedded/pico/pico-sdk/src/rp2_common/pico_cyw43_driver/cyw43_bus_pio_spi.c.o
                0x1000cc20                cyw43_spi_transfer
 .text.cyw43_spi_gpio_setup
                0x1000d028       0x3c CMakeFiles/tcpServer.dir/home/embedded/pico/pico-sdk/src/rp2_common/pico_cyw43_driver/cyw43_bus_pio_spi.c.o
                0x1000d028                cyw43_spi_gpio_setup
 .text.cyw43_spi_reset
                0x1000d064       0x28 CMakeFiles/tcpServer.dir/home/embedded/pico/pico-sdk/src/rp2_common/pico_cyw43_driver/cyw43_bus_pio_spi.c.o
                0x1000d064                cyw43_spi_reset
 .text.read_reg_u32_swap
                0x1000d08c       0x3c CMakeFiles/tcpServer.dir/home/embedded/pico/pico-sdk/src/rp2_common/pico_cyw43_driver/cyw43_bus_pio_spi.c.o
                0x1000d08c                read_reg_u32_swap
 .text.cyw43_read_reg_u32
                0x1000d0c8       0x50 CMakeFiles/tcpServer.dir/home/embedded/pico/pico-sdk/src/rp2_common/pico_cyw43_driver/cyw43_bus_pio_spi.c.o
                0x1000d0c8                cyw43_read_reg_u32
 .text.cyw43_read_reg_u16
                0x1000d118       0x50 CMakeFiles/tcpServer.dir/home/embedded/pico/pico-sdk/src/rp2_common/pico_cyw43_driver/cyw43_bus_pio_spi.c.o
                0x1000d118                cyw43_read_reg_u16
 .text.cyw43_read_reg_u8
                0x1000d168       0x50 CMakeFiles/tcpServer.dir/home/embedded/pico/pico-sdk/src/rp2_common/pico_cyw43_driver/cyw43_bus_pio_spi.c.o
                0x1000d168                cyw43_read_reg_u8
 .text.write_reg_u32_swap
                0x1000d1b8      0x1fc CMakeFiles/tcpServer.dir/home/embedded/pico/pico-sdk/src/rp2_common/pico_cyw43_driver/cyw43_bus_pio_spi.c.o
                0x1000d1b8                write_reg_u32_swap
 .text.cyw43_write_reg_u32
                0x1000d3b4      0x21c CMakeFiles/tcpServer.dir/home/embedded/pico/pico-sdk/src/rp2_common/pico_cyw43_driver/cyw43_bus_pio_spi.c.o
                0x1000d3b4                cyw43_write_reg_u32
 .text.cyw43_write_reg_u16
                0x1000d5d0      0x21c CMakeFiles/tcpServer.dir/home/embedded/pico/pico-sdk/src/rp2_common/pico_cyw43_driver/cyw43_bus_pio_spi.c.o
                0x1000d5d0                cyw43_write_reg_u16
 .text.cyw43_write_reg_u8
                0x1000d7ec      0x21c CMakeFiles/tcpServer.dir/home/embedded/pico/pico-sdk/src/rp2_common/pico_cyw43_driver/cyw43_bus_pio_spi.c.o
                0x1000d7ec                cyw43_write_reg_u8
 .text.cyw43_read_bytes
                0x1000da08       0x78 CMakeFiles/tcpServer.dir/home/embedded/pico/pico-sdk/src/rp2_common/pico_cyw43_driver/cyw43_bus_pio_spi.c.o
                0x1000da08                cyw43_read_bytes
 .text.cyw43_write_bytes
                0x1000da80       0xc0 CMakeFiles/tcpServer.dir/home/embedded/pico/pico-sdk/src/rp2_common/pico_cyw43_driver/cyw43_bus_pio_spi.c.o
                0x1000da80                cyw43_write_bytes
 .text.cyw43_set_backplane_window
                0x1000db40       0x68 CMakeFiles/tcpServer.dir/home/embedded/pico/pico-sdk/lib/cyw43-driver/src/cyw43_ll.c.o
 .text.cyw43_ll_parse_async_event
                0x1000dba8      0x134 CMakeFiles/tcpServer.dir/home/embedded/pico/pico-sdk/lib/cyw43-driver/src/cyw43_ll.c.o
 .text.cyw43_kso_set
                0x1000dcdc       0x80 CMakeFiles/tcpServer.dir/home/embedded/pico/pico-sdk/lib/cyw43-driver/src/cyw43_ll.c.o
 .text.cyw43_ll_sdpcm_poll_device
                0x1000dd5c      0x238 CMakeFiles/tcpServer.dir/home/embedded/pico/pico-sdk/lib/cyw43-driver/src/cyw43_ll.c.o
 .text.cyw43_sdpcm_send_common
                0x1000df94       0xfc CMakeFiles/tcpServer.dir/home/embedded/pico/pico-sdk/lib/cyw43-driver/src/cyw43_ll.c.o
 .text.cyw43_do_ioctl.part.0
                0x1000e090       0xc4 CMakeFiles/tcpServer.dir/home/embedded/pico/pico-sdk/lib/cyw43-driver/src/cyw43_ll.c.o
 .text.cyw43_download_resource
                0x1000e154       0xd0 CMakeFiles/tcpServer.dir/home/embedded/pico/pico-sdk/lib/cyw43-driver/src/cyw43_ll.c.o
 .text.cyw43_write_iovar_u32.constprop.0
                0x1000e224       0x98 CMakeFiles/tcpServer.dir/home/embedded/pico/pico-sdk/lib/cyw43-driver/src/cyw43_ll.c.o
 .text.cyw43_write_iovar_n
                0x1000e2bc       0x8c CMakeFiles/tcpServer.dir/home/embedded/pico/pico-sdk/lib/cyw43-driver/src/cyw43_ll.c.o
 .text.cyw43_write_iovar_u32_u32.constprop.0
                0x1000e348       0xac CMakeFiles/tcpServer.dir/home/embedded/pico/pico-sdk/lib/cyw43-driver/src/cyw43_ll.c.o
 .text.cyw43_read_backplane.constprop.0
                0x1000e3f4       0xe4 CMakeFiles/tcpServer.dir/home/embedded/pico/pico-sdk/lib/cyw43-driver/src/cyw43_ll.c.o
 .text.cyw43_write_backplane
                0x1000e4d8      0x10c CMakeFiles/tcpServer.dir/home/embedded/pico/pico-sdk/lib/cyw43-driver/src/cyw43_ll.c.o
 .text.reset_device_core.constprop.0
                0x1000e5e4      0x410 CMakeFiles/tcpServer.dir/home/embedded/pico/pico-sdk/lib/cyw43-driver/src/cyw43_ll.c.o
 .text.cyw43_ll_init
                0x1000e9f4       0x1c CMakeFiles/tcpServer.dir/home/embedded/pico/pico-sdk/lib/cyw43-driver/src/cyw43_ll.c.o
                0x1000e9f4                cyw43_ll_init
 .text.cyw43_ll_deinit
                0x1000ea10        0x8 CMakeFiles/tcpServer.dir/home/embedded/pico/pico-sdk/lib/cyw43-driver/src/cyw43_ll.c.o
                0x1000ea10                cyw43_ll_deinit
 .text.cyw43_ll_send_ethernet
                0x1000ea18       0x60 CMakeFiles/tcpServer.dir/home/embedded/pico/pico-sdk/lib/cyw43-driver/src/cyw43_ll.c.o
                0x1000ea18                cyw43_ll_send_ethernet
 .text.cyw43_ll_process_packets
                0x1000ea78       0x54 CMakeFiles/tcpServer.dir/home/embedded/pico/pico-sdk/lib/cyw43-driver/src/cyw43_ll.c.o
                0x1000ea78                cyw43_ll_process_packets
 .text.cyw43_ll_ioctl
                0x1000eacc       0x80 CMakeFiles/tcpServer.dir/home/embedded/pico/pico-sdk/lib/cyw43-driver/src/cyw43_ll.c.o
                0x1000eacc                cyw43_ll_ioctl
 .text.cyw43_ll_bus_sleep
                0x1000eb4c       0x34 CMakeFiles/tcpServer.dir/home/embedded/pico/pico-sdk/lib/cyw43-driver/src/cyw43_ll.c.o
                0x1000eb4c                cyw43_ll_bus_sleep
 .text.cyw43_ll_wifi_on
                0x1000eb80      0x1f8 CMakeFiles/tcpServer.dir/home/embedded/pico/pico-sdk/lib/cyw43-driver/src/cyw43_ll.c.o
                0x1000eb80                cyw43_ll_wifi_on
 .text.cyw43_ll_wifi_get_mac
                0x1000ed78       0x74 CMakeFiles/tcpServer.dir/home/embedded/pico/pico-sdk/lib/cyw43-driver/src/cyw43_ll.c.o
                0x1000ed78                cyw43_ll_wifi_get_mac
 .text.cyw43_ll_bus_init
                0x1000edec      0x920 CMakeFiles/tcpServer.dir/home/embedded/pico/pico-sdk/lib/cyw43-driver/src/cyw43_ll.c.o
                0x1000edec                cyw43_ll_bus_init
 .text.cyw43_ll_wifi_pm
                0x1000f70c      0x11c CMakeFiles/tcpServer.dir/home/embedded/pico/pico-sdk/lib/cyw43-driver/src/cyw43_ll.c.o
                0x1000f70c                cyw43_ll_wifi_pm
 .text.cyw43_ll_wifi_join
                0x1000f828      0x4bc CMakeFiles/tcpServer.dir/home/embedded/pico/pico-sdk/lib/cyw43-driver/src/cyw43_ll.c.o
                0x1000f828                cyw43_ll_wifi_join
 .text.cyw43_ll_wifi_set_wpa_auth
                0x1000fce4       0x4c CMakeFiles/tcpServer.dir/home/embedded/pico/pico-sdk/lib/cyw43-driver/src/cyw43_ll.c.o
                0x1000fce4                cyw43_ll_wifi_set_wpa_auth
 .text.cyw43_ll_wifi_rejoin
                0x1000fd30       0x58 CMakeFiles/tcpServer.dir/home/embedded/pico/pico-sdk/lib/cyw43-driver/src/cyw43_ll.c.o
                0x1000fd30                cyw43_ll_wifi_rejoin
 .text.cyw43_ll_wifi_ap_init
                0x1000fd88      0x4dc CMakeFiles/tcpServer.dir/home/embedded/pico/pico-sdk/lib/cyw43-driver/src/cyw43_ll.c.o
                0x1000fd88                cyw43_ll_wifi_ap_init
 .text.cyw43_ll_wifi_ap_set_up
                0x10010264       0x74 CMakeFiles/tcpServer.dir/home/embedded/pico/pico-sdk/lib/cyw43-driver/src/cyw43_ll.c.o
                0x10010264                cyw43_ll_wifi_ap_set_up
 .text.cyw43_ll_has_work
                0x100102d8       0x14 CMakeFiles/tcpServer.dir/home/embedded/pico/pico-sdk/lib/cyw43-driver/src/cyw43_ll.c.o
                0x100102d8                cyw43_ll_has_work
 .text.cyw43_netif_init
                0x100102ec       0x3c CMakeFiles/tcpServer.dir/home/embedded/pico/pico-sdk/lib/cyw43-driver/src/cyw43_lwip.c.o
 .text.cyw43_netif_output
                0x10010328       0x34 CMakeFiles/tcpServer.dir/home/embedded/pico/pico-sdk/lib/cyw43-driver/src/cyw43_lwip.c.o
 .text.cyw43_cb_tcpip_init
                0x1001035c       0xf0 CMakeFiles/tcpServer.dir/home/embedded/pico/pico-sdk/lib/cyw43-driver/src/cyw43_lwip.c.o
                0x1001035c                cyw43_cb_tcpip_init
 .text.cyw43_cb_tcpip_deinit
                0x1001044c       0x4c CMakeFiles/tcpServer.dir/home/embedded/pico/pico-sdk/lib/cyw43-driver/src/cyw43_lwip.c.o
                0x1001044c                cyw43_cb_tcpip_deinit
 .text.cyw43_cb_process_ethernet
                0x10010498       0x6c CMakeFiles/tcpServer.dir/home/embedded/pico/pico-sdk/lib/cyw43-driver/src/cyw43_lwip.c.o
                0x10010498                cyw43_cb_process_ethernet
 .text.cyw43_cb_tcpip_set_link_up
                0x10010504       0x18 CMakeFiles/tcpServer.dir/home/embedded/pico/pico-sdk/lib/cyw43-driver/src/cyw43_lwip.c.o
                0x10010504                cyw43_cb_tcpip_set_link_up
 .text.cyw43_cb_tcpip_set_link_down
                0x1001051c       0x18 CMakeFiles/tcpServer.dir/home/embedded/pico/pico-sdk/lib/cyw43-driver/src/cyw43_lwip.c.o
                0x1001051c                cyw43_cb_tcpip_set_link_down
 .text.cyw43_tcpip_link_status
                0x10010534       0x34 CMakeFiles/tcpServer.dir/home/embedded/pico/pico-sdk/lib/cyw43-driver/src/cyw43_lwip.c.o
                0x10010534                cyw43_tcpip_link_status
 .text.cyw43_poll_func
                0x10010568       0xc0 CMakeFiles/tcpServer.dir/home/embedded/pico/pico-sdk/lib/cyw43-driver/src/cyw43_ctrl.c.o
 .text.cyw43_init
                0x10010628       0x6c CMakeFiles/tcpServer.dir/home/embedded/pico/pico-sdk/lib/cyw43-driver/src/cyw43_ctrl.c.o
                0x10010628                cyw43_init
 .text.cyw43_deinit
                0x10010694       0x90 CMakeFiles/tcpServer.dir/home/embedded/pico/pico-sdk/lib/cyw43-driver/src/cyw43_ctrl.c.o
                0x10010694                cyw43_deinit
 .text.cyw43_cb_read_host_interrupt_pin
                0x10010724        0xc CMakeFiles/tcpServer.dir/home/embedded/pico/pico-sdk/lib/cyw43-driver/src/cyw43_ctrl.c.o
                0x10010724                cyw43_cb_read_host_interrupt_pin
 .text.cyw43_cb_ensure_awake
                0x10010730        0xc CMakeFiles/tcpServer.dir/home/embedded/pico/pico-sdk/lib/cyw43-driver/src/cyw43_ctrl.c.o
                0x10010730                cyw43_cb_ensure_awake
 .text.cyw43_cb_process_async_event
                0x1001073c      0x214 CMakeFiles/tcpServer.dir/home/embedded/pico/pico-sdk/lib/cyw43-driver/src/cyw43_ctrl.c.o
                0x1001073c                cyw43_cb_process_async_event
 .text.cyw43_send_ethernet
                0x10010950       0xc0 CMakeFiles/tcpServer.dir/home/embedded/pico/pico-sdk/lib/cyw43-driver/src/cyw43_ctrl.c.o
                0x10010950                cyw43_send_ethernet
 .text.cyw43_wifi_get_mac
                0x10010a10       0x10 CMakeFiles/tcpServer.dir/home/embedded/pico/pico-sdk/lib/cyw43-driver/src/cyw43_ctrl.c.o
                0x10010a10                cyw43_wifi_get_mac
 .text.cyw43_wifi_set_up
                0x10010a20      0x348 CMakeFiles/tcpServer.dir/home/embedded/pico/pico-sdk/lib/cyw43-driver/src/cyw43_ctrl.c.o
                0x10010a20                cyw43_wifi_set_up
 .text.cyw43_wifi_link_status
                0x10010d68       0x40 CMakeFiles/tcpServer.dir/home/embedded/pico/pico-sdk/lib/cyw43-driver/src/cyw43_ctrl.c.o
                0x10010d68                cyw43_wifi_link_status
 .text.cyw43_wifi_join
                0x10010da8       0xf4 CMakeFiles/tcpServer.dir/home/embedded/pico/pico-sdk/lib/cyw43-driver/src/cyw43_ctrl.c.o
                0x10010da8                cyw43_wifi_join
 .text.pio_sm_set_pindirs_with_mask64
                0x10010e9c       0xac CMakeFiles/tcpServer.dir/home/embedded/pico/pico-sdk/src/rp2_common/hardware_pio/pio.c.o
                0x10010e9c                pio_sm_set_pindirs_with_mask64
 .text.pio_sm_set_consecutive_pindirs
                0x10010f48       0xb4 CMakeFiles/tcpServer.dir/home/embedded/pico/pico-sdk/src/rp2_common/hardware_pio/pio.c.o
                0x10010f48                pio_sm_set_consecutive_pindirs
 .text.pio_claim_free_sm_and_add_program_for_gpio_range
                0x10010ffc      0x18c CMakeFiles/tcpServer.dir/home/embedded/pico/pico-sdk/src/rp2_common/hardware_pio/pio.c.o
                0x10010ffc                pio_claim_free_sm_and_add_program_for_gpio_range
 .text.pio_remove_program_and_unclaim_sm
                0x10011188       0x40 CMakeFiles/tcpServer.dir/home/embedded/pico/pico-sdk/src/rp2_common/hardware_pio/pio.c.o
                0x10011188                pio_remove_program_and_unclaim_sm
 .text.dma_channel_unclaim
                0x100111c8       0x14 CMakeFiles/tcpServer.dir/home/embedded/pico/pico-sdk/src/rp2_common/hardware_dma/dma.c.o
                0x100111c8                dma_channel_unclaim
 .text.dma_claim_unused_channel
                0x100111dc       0x24 CMakeFiles/tcpServer.dir/home/embedded/pico/pico-sdk/src/rp2_common/hardware_dma/dma.c.o
                0x100111dc                dma_claim_unused_channel
 .text.dma_channel_cleanup
                0x10011200       0x64 CMakeFiles/tcpServer.dir/home/embedded/pico/pico-sdk/src/rp2_common/hardware_dma/dma.c.o
                0x10011200                dma_channel_cleanup
 .text.cyw43_sleep_timeout_reached
                0x10011264       0x10 CMakeFiles/tcpServer.dir/home/embedded/pico/pico-sdk/src/rp2_common/pico_cyw43_driver/cyw43_driver.c.o
 .text.cyw43_irq_init
                0x10011274       0x28 CMakeFiles/tcpServer.dir/home/embedded/pico/pico-sdk/src/rp2_common/pico_cyw43_driver/cyw43_driver.c.o
                0x10011274                cyw43_irq_init
 .text.cyw43_irq_deinit
                0x1001129c       0x20 CMakeFiles/tcpServer.dir/home/embedded/pico/pico-sdk/src/rp2_common/pico_cyw43_driver/cyw43_driver.c.o
                0x1001129c                cyw43_irq_deinit
 .text.cyw43_gpio_irq_handler
                0x100112bc       0x44 CMakeFiles/tcpServer.dir/home/embedded/pico/pico-sdk/src/rp2_common/pico_cyw43_driver/cyw43_driver.c.o
 .text.cyw43_do_poll
                0x10011300       0x70 CMakeFiles/tcpServer.dir/home/embedded/pico/pico-sdk/src/rp2_common/pico_cyw43_driver/cyw43_driver.c.o
 .text.cyw43_post_poll_hook
                0x10011370       0x10 CMakeFiles/tcpServer.dir/home/embedded/pico/pico-sdk/src/rp2_common/pico_cyw43_driver/cyw43_driver.c.o
                0x10011370                cyw43_post_poll_hook
 .text.cyw43_schedule_internal_poll_dispatch
                0x10011380       0x18 CMakeFiles/tcpServer.dir/home/embedded/pico/pico-sdk/src/rp2_common/pico_cyw43_driver/cyw43_driver.c.o
                0x10011380                cyw43_schedule_internal_poll_dispatch
 .text.cyw43_driver_init
                0x10011398       0x38 CMakeFiles/tcpServer.dir/home/embedded/pico/pico-sdk/src/rp2_common/pico_cyw43_driver/cyw43_driver.c.o
                0x10011398                cyw43_driver_init
 .text.cyw43_driver_deinit
                0x100113d0       0x44 CMakeFiles/tcpServer.dir/home/embedded/pico/pico-sdk/src/rp2_common/pico_cyw43_driver/cyw43_driver.c.o
                0x100113d0                cyw43_driver_deinit
 .text.cyw43_hal_generate_laa_mac
                0x10011414       0x28 CMakeFiles/tcpServer.dir/home/embedded/pico/pico-sdk/src/rp2_common/pico_cyw43_driver/cyw43_driver.c.o
                0x10011414                cyw43_hal_generate_laa_mac
 .text.cyw43_hal_get_mac
                0x1001143c       0x14 CMakeFiles/tcpServer.dir/home/embedded/pico/pico-sdk/src/rp2_common/pico_cyw43_driver/cyw43_driver.c.o
                0x1001143c                cyw43_hal_get_mac
 .text.cyw43_thread_enter
                0x10011450       0x14 CMakeFiles/tcpServer.dir/home/embedded/pico/pico-sdk/src/rp2_common/pico_cyw43_driver/cyw43_driver.c.o
                0x10011450                cyw43_thread_enter
 .text.cyw43_thread_exit
                0x10011464       0x14 CMakeFiles/tcpServer.dir/home/embedded/pico/pico-sdk/src/rp2_common/pico_cyw43_driver/cyw43_driver.c.o
                0x10011464                cyw43_thread_exit
 .text.cyw43_await_background_or_timeout_us
                0x10011478       0x64 CMakeFiles/tcpServer.dir/home/embedded/pico/pico-sdk/src/rp2_common/pico_cyw43_driver/cyw43_driver.c.o
                0x10011478                cyw43_await_background_or_timeout_us
 .text.cyw43_delay_ms
                0x100114dc       0x48 CMakeFiles/tcpServer.dir/home/embedded/pico/pico-sdk/src/rp2_common/pico_cyw43_driver/cyw43_driver.c.o
                0x100114dc                cyw43_delay_ms
 .text.cyw43_delay_us
                0x10011524       0x34 CMakeFiles/tcpServer.dir/home/embedded/pico/pico-sdk/src/rp2_common/pico_cyw43_driver/cyw43_driver.c.o
                0x10011524                cyw43_delay_us
 .text.async_context_threadsafe_background_acquire_lock_blocking
                0x10011558        0xc CMakeFiles/tcpServer.dir/home/embedded/pico/pico-sdk/src/rp2_common/pico_async_context/async_context_threadsafe_background.c.o
 .text.alarm_handler
                0x10011564       0x20 CMakeFiles/tcpServer.dir/home/embedded/pico/pico-sdk/src/rp2_common/pico_async_context/async_context_threadsafe_background.c.o
 .text.async_context_threadsafe_background_set_work_pending
                0x10011584       0x1c CMakeFiles/tcpServer.dir/home/embedded/pico/pico-sdk/src/rp2_common/pico_async_context/async_context_threadsafe_background.c.o
 .text.process_under_lock
                0x100115a0       0xcc CMakeFiles/tcpServer.dir/home/embedded/pico/pico-sdk/src/rp2_common/pico_async_context/async_context_threadsafe_background.c.o
 .text.async_context_threadsafe_background_execute_sync
                0x1001166c       0x30 CMakeFiles/tcpServer.dir/home/embedded/pico/pico-sdk/src/rp2_common/pico_async_context/async_context_threadsafe_background.c.o
                0x1001166c                async_context_threadsafe_background_execute_sync
 .text.async_context_threadsafe_background_deinit
                0x1001169c       0x54 CMakeFiles/tcpServer.dir/home/embedded/pico/pico-sdk/src/rp2_common/pico_async_context/async_context_threadsafe_background.c.o
 .text.low_priority_irq_handler
                0x100116f0       0x3c CMakeFiles/tcpServer.dir/home/embedded/pico/pico-sdk/src/rp2_common/pico_async_context/async_context_threadsafe_background.c.o
 .text.async_context_threadsafe_background_wait_for_work_until
                0x1001172c        0xc CMakeFiles/tcpServer.dir/home/embedded/pico/pico-sdk/src/rp2_common/pico_async_context/async_context_threadsafe_background.c.o
 .text.async_context_threadsafe_background_wait_until
                0x10011738       0x1c CMakeFiles/tcpServer.dir/home/embedded/pico/pico-sdk/src/rp2_common/pico_async_context/async_context_threadsafe_background.c.o
 .text.async_context_threadsafe_background_lock_check
                0x10011754       0x28 CMakeFiles/tcpServer.dir/home/embedded/pico/pico-sdk/src/rp2_common/pico_async_context/async_context_threadsafe_background.c.o
 .text.async_context_threadsafe_background_release_lock
                0x1001177c       0x1c CMakeFiles/tcpServer.dir/home/embedded/pico/pico-sdk/src/rp2_common/pico_async_context/async_context_threadsafe_background.c.o
 .text.async_context_threadsafe_background_add_at_time_worker
                0x10011798       0x34 CMakeFiles/tcpServer.dir/home/embedded/pico/pico-sdk/src/rp2_common/pico_async_context/async_context_threadsafe_background.c.o
 .text.async_context_threadsafe_background_remove_at_time_worker
                0x100117cc       0x34 CMakeFiles/tcpServer.dir/home/embedded/pico/pico-sdk/src/rp2_common/pico_async_context/async_context_threadsafe_background.c.o
 .text.async_context_threadsafe_background_add_when_pending_worker
                0x10011800       0x34 CMakeFiles/tcpServer.dir/home/embedded/pico/pico-sdk/src/rp2_common/pico_async_context/async_context_threadsafe_background.c.o
 .text.async_context_threadsafe_background_when_pending_worker
                0x10011834       0x34 CMakeFiles/tcpServer.dir/home/embedded/pico/pico-sdk/src/rp2_common/pico_async_context/async_context_threadsafe_background.c.o
 .text.async_context_threadsafe_background_default_config
                0x10011868        0xc CMakeFiles/tcpServer.dir/home/embedded/pico/pico-sdk/src/rp2_common/pico_async_context/async_context_threadsafe_background.c.o
                0x10011868                async_context_threadsafe_background_default_config
 .text.async_context_threadsafe_background_init
                0x10011874       0x8c CMakeFiles/tcpServer.dir/home/embedded/pico/pico-sdk/src/rp2_common/pico_async_context/async_context_threadsafe_background.c.o
                0x10011874                async_context_threadsafe_background_init
 .text.first_per_core_initializer
                0x10011900        0x4 CMakeFiles/tcpServer.dir/home/embedded/pico/pico-sdk/src/rp2_common/pico_runtime/runtime.c.o
 .text.hard_assertion_failure
                0x10011904        0xc CMakeFiles/tcpServer.dir/home/embedded/pico/pico-sdk/src/rp2_common/pico_runtime/runtime.c.o
                0x10011904                hard_assertion_failure
 .text.runtime_run_initializers
                0x10011910       0x28 CMakeFiles/tcpServer.dir/home/embedded/pico/pico-sdk/src/rp2_common/pico_runtime/runtime.c.o
                0x10011910                runtime_run_initializers
 .text.runtime_init_early_resets
                0x10011938       0x2c CMakeFiles/tcpServer.dir/home/embedded/pico/pico-sdk/src/rp2_common/pico_runtime_init/runtime_init.c.o
                0x10011938                runtime_init_early_resets
 .text.runtime_init_usb_power_down
                0x10011964       0x1c CMakeFiles/tcpServer.dir/home/embedded/pico/pico-sdk/src/rp2_common/pico_runtime_init/runtime_init.c.o
                0x10011964                runtime_init_usb_power_down
 .text.runtime_init_post_clock_resets
                0x10011980       0x20 CMakeFiles/tcpServer.dir/home/embedded/pico/pico-sdk/src/rp2_common/pico_runtime_init/runtime_init.c.o
                0x10011980                runtime_init_post_clock_resets
 .text.runtime_init_rp2040_gpio_ie_disable
                0x100119a0       0x14 CMakeFiles/tcpServer.dir/home/embedded/pico/pico-sdk/src/rp2_common/pico_runtime_init/runtime_init.c.o
                0x100119a0                runtime_init_rp2040_gpio_ie_disable
 .text.runtime_init_spin_locks_reset
                0x100119b4        0x8 CMakeFiles/tcpServer.dir/home/embedded/pico/pico-sdk/src/rp2_common/pico_runtime_init/runtime_init.c.o
                0x100119b4                runtime_init_spin_locks_reset
 .text.runtime_init_install_ram_vector_table
                0x100119bc       0x1c CMakeFiles/tcpServer.dir/home/embedded/pico/pico-sdk/src/rp2_common/pico_runtime_init/runtime_init.c.o
                0x100119bc                runtime_init_install_ram_vector_table
 .text.runtime_init_clocks
                0x100119d8       0xd8 CMakeFiles/tcpServer.dir/home/embedded/pico/pico-sdk/src/rp2_common/pico_runtime_init/runtime_init_clocks.c.o
                0x100119d8                runtime_init_clocks
 .text          0x10011ab0       0x10 CMakeFiles/tcpServer.dir/home/embedded/pico/pico-sdk/src/rp2_common/pico_bit_ops/bit_ops_aeabi.S.o
 .text.ctzsi    0x10011ac0        0xc CMakeFiles/tcpServer.dir/home/embedded/pico/pico-sdk/src/rp2_common/pico_bit_ops/bit_ops_aeabi.S.o
                0x10011ac0                __wrap___ctzsi2
 .text.__wrap___aeabi_idiv
                0x10011acc       0x50 CMakeFiles/tcpServer.dir/home/embedded/pico/pico-sdk/src/rp2_common/pico_divider/divider_hardware.S.o
                0x10011acc                __wrap___aeabi_idivmod
                0x10011acc                divmod_s32s32
                0x10011acc                div_s32s32
                0x10011acc                __wrap___aeabi_idiv
                0x10011ad4                divmod_s32s32_unsafe
                0x10011b00                divmod_s32s32_savestate
 .text.__wrap___aeabi_uidiv
                0x10011b1c       0x4c CMakeFiles/tcpServer.dir/home/embedded/pico/pico-sdk/src/rp2_common/pico_divider/divider_hardware.S.o
                0x10011b1c                __wrap___aeabi_uidiv
                0x10011b1c                __wrap___aeabi_uidivmod
                0x10011b1c                div_u32u32
                0x10011b1c                divmod_u32u32
                0x10011b24                divmod_u32u32_unsafe
                0x10011b4c                divmod_u32u32_savestate
 .text.__wrap___aeabi_ldiv
                0x10011b68      0x424 CMakeFiles/tcpServer.dir/home/embedded/pico/pico-sdk/src/rp2_common/pico_divider/divider_hardware.S.o
                0x10011b68                div_s64s64
                0x10011b68                divmod_s64s64
                0x10011b68                __wrap___aeabi_ldivmod
                0x10011b98                div_u64u64
                0x10011b98                divmod_u64u64
                0x10011b98                __wrap___aeabi_uldivmod
                0x10011ba8                divmod_u64u64_savestate
                0x10011bc8                divmod_s64s64_unsafe
                0x10011c50                divmod_u64u64_unsafe
 .text.__wrap___aeabi_darithmetic
                0x10011f8c       0x60 CMakeFiles/tcpServer.dir/home/embedded/pico/pico-sdk/src/rp2_common/pico_double/double_aeabi_rp2040.S.o
                0x10011f8c                __wrap___aeabi_drsub
                0x10011f92                __wrap___aeabi_dsub
                0x10011f9c                __wrap___aeabi_dadd
                0x10011fa6                __wrap___aeabi_ddiv
                0x10011fda                __wrap___aeabi_dmul
 .text.__wrap___aeabi_cdcmple
                0x10011fec       0x6c CMakeFiles/tcpServer.dir/home/embedded/pico/pico-sdk/src/rp2_common/pico_double/double_aeabi_rp2040.S.o
                0x10011fec                __wrap___aeabi_cdrcmple
                0x10011ffc                __wrap___aeabi_cdcmple
                0x10011ffc                __wrap___aeabi_cdcmpeq
 .text.__wrap___aeabi_dcmplt
                0x10012058        0xc CMakeFiles/tcpServer.dir/home/embedded/pico/pico-sdk/src/rp2_common/pico_double/double_aeabi_rp2040.S.o
                0x10012058                __wrap___aeabi_dcmplt
 .text.__wrap___aeabi_dcmpge
                0x10012064       0x10 CMakeFiles/tcpServer.dir/home/embedded/pico/pico-sdk/src/rp2_common/pico_double/double_aeabi_rp2040.S.o
                0x10012064                __wrap___aeabi_dcmpge
 .text.__wrap___aeabi_dcmpgt
                0x10012074        0xa CMakeFiles/tcpServer.dir/home/embedded/pico/pico-sdk/src/rp2_common/pico_double/double_aeabi_rp2040.S.o
                0x10012074                __wrap___aeabi_dcmpgt
 .text.__wrap___aeabi_dcmpun
                0x1001207e       0x18 CMakeFiles/tcpServer.dir/home/embedded/pico/pico-sdk/src/rp2_common/pico_double/double_aeabi_rp2040.S.o
                0x1001207e                __wrap___aeabi_dcmpun
 *fill*         0x10012096        0x2 
 .text.__wrap___aeabi_i2d
                0x10012098       0x38 CMakeFiles/tcpServer.dir/home/embedded/pico/pico-sdk/src/rp2_common/pico_double/double_aeabi_rp2040.S.o
                0x10012098                __wrap___aeabi_ui2d
                0x100120a0                __wrap___aeabi_i2d
 .text.__wrap___aeabi_d2iz
                0x100120d0       0x48 CMakeFiles/tcpServer.dir/home/embedded/pico/pico-sdk/src/rp2_common/pico_double/double_aeabi_rp2040.S.o
                0x100120d0                __wrap___aeabi_d2iz
                0x100120d0                double2int_z
 .text.__wrap___aeabi_d2uiz
                0x10012118       0x10 CMakeFiles/tcpServer.dir/home/embedded/pico/pico-sdk/src/rp2_common/pico_double/double_aeabi_rp2040.S.o
                0x10012118                double2uint
                0x10012118                __wrap___aeabi_d2uiz
 .text.missing_double_func_shim
                0x10012128        0xc CMakeFiles/tcpServer.dir/home/embedded/pico/pico-sdk/src/rp2_common/pico_double/double_init_rom_rp2040.c.o
 .text.__aeabi_double_init
                0x10012134       0xa0 CMakeFiles/tcpServer.dir/home/embedded/pico/pico-sdk/src/rp2_common/pico_double/double_init_rom_rp2040.c.o
                0x10012134                __aeabi_double_init
 .text.double_table_shim_on_use_helper
                0x100121d4       0x2c CMakeFiles/tcpServer.dir/home/embedded/pico/pico-sdk/src/rp2_common/pico_double/double_v1_rom_shim_rp2040.S.o
                0x100121d4                double_table_shim_on_use_helper
 .text.__aeabi_lmul
                0x10012200       0x32 CMakeFiles/tcpServer.dir/home/embedded/pico/pico-sdk/src/rp2_common/pico_int64_ops/pico_int64_ops_aeabi.S.o
                0x10012200                __wrap___aeabi_lmul
 *fill*         0x10012232        0x2 
 .text.missing_float_func_shim
                0x10012234        0xc CMakeFiles/tcpServer.dir/home/embedded/pico/pico-sdk/src/rp2_common/pico_float/float_init_rom_rp2040.c.o
 .text.__aeabi_float_init
                0x10012240       0x5c CMakeFiles/tcpServer.dir/home/embedded/pico/pico-sdk/src/rp2_common/pico_float/float_init_rom_rp2040.c.o
                0x10012240                __aeabi_float_init
 .text.__wrap_calloc
                0x1001229c       0x28 CMakeFiles/tcpServer.dir/home/embedded/pico/pico-sdk/src/rp2_common/pico_malloc/malloc.c.o
                0x1001229c                __wrap_calloc
 .text.__wrap_free
                0x100122c4        0x8 CMakeFiles/tcpServer.dir/home/embedded/pico/pico-sdk/src/rp2_common/pico_malloc/malloc.c.o
                0x100122c4                __wrap_free
 .text          0x100122cc       0x10 CMakeFiles/tcpServer.dir/home/embedded/pico/pico-sdk/src/rp2_common/pico_mem_ops/mem_ops_aeabi.S.o
                0x100122cc                __aeabi_mem_init
 .text.memset   0x100122dc        0xc CMakeFiles/tcpServer.dir/home/embedded/pico/pico-sdk/src/rp2_common/pico_mem_ops/mem_ops_aeabi.S.o
                0x100122dc                __wrap_memset
 .text.memcpy   0x100122e8        0xc CMakeFiles/tcpServer.dir/home/embedded/pico/pico-sdk/src/rp2_common/pico_mem_ops/mem_ops_aeabi.S.o
                0x100122e8                __wrap___aeabi_memcpy
                0x100122e8                __wrap_memcpy
 .text._out_null
                0x100122f4        0x4 CMakeFiles/tcpServer.dir/home/embedded/pico/pico-sdk/src/rp2_common/pico_printf/printf.c.o
 .text._out_rev
                0x100122f8       0xac CMakeFiles/tcpServer.dir/home/embedded/pico/pico-sdk/src/rp2_common/pico_printf/printf.c.o
 .text._ntoa_format
                0x100123a4      0x250 CMakeFiles/tcpServer.dir/home/embedded/pico/pico-sdk/src/rp2_common/pico_printf/printf.c.o
 .text._out_char
                0x100125f4       0x10 CMakeFiles/tcpServer.dir/home/embedded/pico/pico-sdk/src/rp2_common/pico_printf/printf.c.o
 .text._out_fct
                0x10012604       0x10 CMakeFiles/tcpServer.dir/home/embedded/pico/pico-sdk/src/rp2_common/pico_printf/printf.c.o
 .text._etoa    0x10012614      0x464 CMakeFiles/tcpServer.dir/home/embedded/pico/pico-sdk/src/rp2_common/pico_printf/printf.c.o
 .text._ftoa    0x10012a78      0x3c0 CMakeFiles/tcpServer.dir/home/embedded/pico/pico-sdk/src/rp2_common/pico_printf/printf.c.o
 .text._vsnprintf
                0x10012e38      0xbc8 CMakeFiles/tcpServer.dir/home/embedded/pico/pico-sdk/src/rp2_common/pico_printf/printf.c.o
 .text.vfctprintf
                0x10013a00       0x20 CMakeFiles/tcpServer.dir/home/embedded/pico/pico-sdk/src/rp2_common/pico_printf/printf.c.o
                0x10013a00                vfctprintf
 .text.weak_raw_vprintf
                0x10013a20       0x30 CMakeFiles/tcpServer.dir/home/embedded/pico/pico-sdk/src/rp2_common/pico_printf/printf.c.o
                0x10013a20                weak_raw_vprintf
 .text._exit    0x10013a50        0x4 CMakeFiles/tcpServer.dir/home/embedded/pico/pico-sdk/src/rp2_common/pico_clib_interface/newlib_interface.c.o
                0x10013a50                _exit
 .text._sbrk    0x10013a54       0x34 CMakeFiles/tcpServer.dir/home/embedded/pico/pico-sdk/src/rp2_common/pico_clib_interface/newlib_interface.c.o
                0x10013a54                _sbrk
 .text.exit     0x10013a88        0x8 CMakeFiles/tcpServer.dir/home/embedded/pico/pico-sdk/src/rp2_common/pico_clib_interface/newlib_interface.c.o
                0x10013a88                exit
 .text.runtime_init
                0x10013a90       0x2c CMakeFiles/tcpServer.dir/home/embedded/pico/pico-sdk/src/rp2_common/pico_clib_interface/newlib_interface.c.o
                0x10013a90                runtime_init
 .text.stdio_out_chars_no_crlf
                0x10013abc       0x10 CMakeFiles/tcpServer.dir/home/embedded/pico/pico-sdk/src/rp2_common/pico_stdio/stdio.c.o
 .text.stdio_out_chars_crlf
                0x10013acc       0x94 CMakeFiles/tcpServer.dir/home/embedded/pico/pico-sdk/src/rp2_common/pico_stdio/stdio.c.o
 .text.stdio_buffered_printer
                0x10013b60       0x64 CMakeFiles/tcpServer.dir/home/embedded/pico/pico-sdk/src/rp2_common/pico_stdio/stdio.c.o
 .text.stdio_put_string
                0x10013bc4      0x100 CMakeFiles/tcpServer.dir/home/embedded/pico/pico-sdk/src/rp2_common/pico_stdio/stdio.c.o
                0x10013bc4                stdio_put_string
 .text.stdio_set_driver_enabled
                0x10013cc4       0x30 CMakeFiles/tcpServer.dir/home/embedded/pico/pico-sdk/src/rp2_common/pico_stdio/stdio.c.o
                0x10013cc4                stdio_set_driver_enabled
 .text.stdio_init_all
                0x10013cf4        0x8 CMakeFiles/tcpServer.dir/home/embedded/pico/pico-sdk/src/rp2_common/pico_stdio/stdio.c.o
                0x10013cf4                stdio_init_all
 .text.__wrap_putchar
                0x10013cfc       0x98 CMakeFiles/tcpServer.dir/home/embedded/pico/pico-sdk/src/rp2_common/pico_stdio/stdio.c.o
                0x10013cfc                stdio_putchar
                0x10013cfc                __wrap_putchar
 .text.__wrap_puts
                0x10013d94       0x3c CMakeFiles/tcpServer.dir/home/embedded/pico/pico-sdk/src/rp2_common/pico_stdio/stdio.c.o
                0x10013d94                __wrap_puts
                0x10013d94                stdio_puts
 .text.__wrap_vprintf
                0x10013dd0       0xd4 CMakeFiles/tcpServer.dir/home/embedded/pico/pico-sdk/src/rp2_common/pico_stdio/stdio.c.o
                0x10013dd0                __wrap_vprintf
                0x10013dd0                stdio_vprintf
 .text.__wrap_printf
                0x10013ea4       0x18 CMakeFiles/tcpServer.dir/home/embedded/pico/pico-sdk/src/rp2_common/pico_stdio/stdio.c.o
                0x10013ea4                stdio_printf
                0x10013ea4                __wrap_printf
 .text.resetd_init
                0x10013ebc        0x4 CMakeFiles/tcpServer.dir/home/embedded/pico/pico-sdk/src/rp2_common/pico_stdio_usb/reset_interface.c.o
 .text.resetd_reset
                0x10013ec0        0xc CMakeFiles/tcpServer.dir/home/embedded/pico/pico-sdk/src/rp2_common/pico_stdio_usb/reset_interface.c.o
 .text.resetd_open
                0x10013ecc       0x28 CMakeFiles/tcpServer.dir/home/embedded/pico/pico-sdk/src/rp2_common/pico_stdio_usb/reset_interface.c.o
 .text.resetd_xfer_cb
                0x10013ef4        0x4 CMakeFiles/tcpServer.dir/home/embedded/pico/pico-sdk/src/rp2_common/pico_stdio_usb/reset_interface.c.o
 .text.resetd_control_xfer_cb
                0x10013ef8       0x5c CMakeFiles/tcpServer.dir/home/embedded/pico/pico-sdk/src/rp2_common/pico_stdio_usb/reset_interface.c.o
 .text.tud_descriptor_bos_cb
                0x10013f54        0x8 CMakeFiles/tcpServer.dir/home/embedded/pico/pico-sdk/src/rp2_common/pico_stdio_usb/reset_interface.c.o
                0x10013f54                tud_descriptor_bos_cb
 .text.tud_vendor_control_xfer_cb
                0x10013f5c       0x34 CMakeFiles/tcpServer.dir/home/embedded/pico/pico-sdk/src/rp2_common/pico_stdio_usb/reset_interface.c.o
                0x10013f5c                tud_vendor_control_xfer_cb
 .text.usbd_app_driver_get_cb
                0x10013f90        0xc CMakeFiles/tcpServer.dir/home/embedded/pico/pico-sdk/src/rp2_common/pico_stdio_usb/reset_interface.c.o
                0x10013f90                usbd_app_driver_get_cb
 .text.tud_cdc_line_coding_cb
                0x10013f9c       0x2c CMakeFiles/tcpServer.dir/home/embedded/pico/pico-sdk/src/rp2_common/pico_stdio_usb/reset_interface.c.o
                0x10013f9c                tud_cdc_line_coding_cb